Archive member included to satisfy reference by file (symbol)

c:/st/stm32cubeide_1.10.1/stm32cubeide/plugins/com.st.stm32cube.ide.mcu.externaltools.gnu-tools-for-stm32.10.3-2021.10.win32_1.0.0.202111181127/tools/bin/../lib/gcc/arm-none-eabi/10.3.1/../../../../arm-none-eabi/lib/thumb/v7e-m+fp/hard\libc_nano.a(lib_a-atoi.o)
                              ./Core/Src/uart_comm.o (atoi)
c:/st/stm32cubeide_1.10.1/stm32cubeide/plugins/com.st.stm32cube.ide.mcu.externaltools.gnu-tools-for-stm32.10.3-2021.10.win32_1.0.0.202111181127/tools/bin/../lib/gcc/arm-none-eabi/10.3.1/../../../../arm-none-eabi/lib/thumb/v7e-m+fp/hard\libc_nano.a(lib_a-errno.o)
                              ./Core/Src/syscalls.o (__errno)
c:/st/stm32cubeide_1.10.1/stm32cubeide/plugins/com.st.stm32cube.ide.mcu.externaltools.gnu-tools-for-stm32.10.3-2021.10.win32_1.0.0.202111181127/tools/bin/../lib/gcc/arm-none-eabi/10.3.1/../../../../arm-none-eabi/lib/thumb/v7e-m+fp/hard\libc_nano.a(lib_a-exit.o)
                              c:/st/stm32cubeide_1.10.1/stm32cubeide/plugins/com.st.stm32cube.ide.mcu.externaltools.gnu-tools-for-stm32.10.3-2021.10.win32_1.0.0.202111181127/tools/bin/../lib/gcc/arm-none-eabi/10.3.1/../../../../arm-none-eabi/lib/thumb/v7e-m+fp/hard/crt0.o (exit)
c:/st/stm32cubeide_1.10.1/stm32cubeide/plugins/com.st.stm32cube.ide.mcu.externaltools.gnu-tools-for-stm32.10.3-2021.10.win32_1.0.0.202111181127/tools/bin/../lib/gcc/arm-none-eabi/10.3.1/../../../../arm-none-eabi/lib/thumb/v7e-m+fp/hard\libc_nano.a(lib_a-impure.o)
                              c:/st/stm32cubeide_1.10.1/stm32cubeide/plugins/com.st.stm32cube.ide.mcu.externaltools.gnu-tools-for-stm32.10.3-2021.10.win32_1.0.0.202111181127/tools/bin/../lib/gcc/arm-none-eabi/10.3.1/../../../../arm-none-eabi/lib/thumb/v7e-m+fp/hard\libc_nano.a(lib_a-exit.o) (_global_impure_ptr)
c:/st/stm32cubeide_1.10.1/stm32cubeide/plugins/com.st.stm32cube.ide.mcu.externaltools.gnu-tools-for-stm32.10.3-2021.10.win32_1.0.0.202111181127/tools/bin/../lib/gcc/arm-none-eabi/10.3.1/../../../../arm-none-eabi/lib/thumb/v7e-m+fp/hard\libc_nano.a(lib_a-init.o)
                              c:/st/stm32cubeide_1.10.1/stm32cubeide/plugins/com.st.stm32cube.ide.mcu.externaltools.gnu-tools-for-stm32.10.3-2021.10.win32_1.0.0.202111181127/tools/bin/../lib/gcc/arm-none-eabi/10.3.1/../../../../arm-none-eabi/lib/thumb/v7e-m+fp/hard/crt0.o (__libc_init_array)
c:/st/stm32cubeide_1.10.1/stm32cubeide/plugins/com.st.stm32cube.ide.mcu.externaltools.gnu-tools-for-stm32.10.3-2021.10.win32_1.0.0.202111181127/tools/bin/../lib/gcc/arm-none-eabi/10.3.1/../../../../arm-none-eabi/lib/thumb/v7e-m+fp/hard\libc_nano.a(lib_a-memset.o)
                              c:/st/stm32cubeide_1.10.1/stm32cubeide/plugins/com.st.stm32cube.ide.mcu.externaltools.gnu-tools-for-stm32.10.3-2021.10.win32_1.0.0.202111181127/tools/bin/../lib/gcc/arm-none-eabi/10.3.1/../../../../arm-none-eabi/lib/thumb/v7e-m+fp/hard/crt0.o (memset)
c:/st/stm32cubeide_1.10.1/stm32cubeide/plugins/com.st.stm32cube.ide.mcu.externaltools.gnu-tools-for-stm32.10.3-2021.10.win32_1.0.0.202111181127/tools/bin/../lib/gcc/arm-none-eabi/10.3.1/../../../../arm-none-eabi/lib/thumb/v7e-m+fp/hard\libc_nano.a(lib_a-sprintf.o)
                              ./Core/Src/uart.o (sprintf)
c:/st/stm32cubeide_1.10.1/stm32cubeide/plugins/com.st.stm32cube.ide.mcu.externaltools.gnu-tools-for-stm32.10.3-2021.10.win32_1.0.0.202111181127/tools/bin/../lib/gcc/arm-none-eabi/10.3.1/../../../../arm-none-eabi/lib/thumb/v7e-m+fp/hard\libc_nano.a(lib_a-strlen.o)
                              ./Core/Src/lcd.o (strlen)
c:/st/stm32cubeide_1.10.1/stm32cubeide/plugins/com.st.stm32cube.ide.mcu.externaltools.gnu-tools-for-stm32.10.3-2021.10.win32_1.0.0.202111181127/tools/bin/../lib/gcc/arm-none-eabi/10.3.1/../../../../arm-none-eabi/lib/thumb/v7e-m+fp/hard\libc_nano.a(lib_a-strtol.o)
                              c:/st/stm32cubeide_1.10.1/stm32cubeide/plugins/com.st.stm32cube.ide.mcu.externaltools.gnu-tools-for-stm32.10.3-2021.10.win32_1.0.0.202111181127/tools/bin/../lib/gcc/arm-none-eabi/10.3.1/../../../../arm-none-eabi/lib/thumb/v7e-m+fp/hard\libc_nano.a(lib_a-atoi.o) (_strtol_r)
c:/st/stm32cubeide_1.10.1/stm32cubeide/plugins/com.st.stm32cube.ide.mcu.externaltools.gnu-tools-for-stm32.10.3-2021.10.win32_1.0.0.202111181127/tools/bin/../lib/gcc/arm-none-eabi/10.3.1/../../../../arm-none-eabi/lib/thumb/v7e-m+fp/hard\libc_nano.a(lib_a-ctype_.o)
                              c:/st/stm32cubeide_1.10.1/stm32cubeide/plugins/com.st.stm32cube.ide.mcu.externaltools.gnu-tools-for-stm32.10.3-2021.10.win32_1.0.0.202111181127/tools/bin/../lib/gcc/arm-none-eabi/10.3.1/../../../../arm-none-eabi/lib/thumb/v7e-m+fp/hard\libc_nano.a(lib_a-strtol.o) (_ctype_)
c:/st/stm32cubeide_1.10.1/stm32cubeide/plugins/com.st.stm32cube.ide.mcu.externaltools.gnu-tools-for-stm32.10.3-2021.10.win32_1.0.0.202111181127/tools/bin/../lib/gcc/arm-none-eabi/10.3.1/../../../../arm-none-eabi/lib/thumb/v7e-m+fp/hard\libc_nano.a(lib_a-nano-svfprintf.o)
[...]
Memory Configuration

Name             Origin             Length             Attributes
CCMRAM           0x0000000010000000 0x0000000000010000 xrw
RAM              0x0000000020000000 0x0000000000020000 xrw
FLASH            0x0000000008000000 0x0000000000100000 xr
*default*        0x0000000000000000 0xffffffffffffffff

Linker script and memory map

LOAD c:/st/stm32cubeide_1.10.1/stm32cubeide/plugins/com.st.stm32cube.ide.mcu.externaltools.gnu-tools-for-stm32.10.3-2021.10.win32_1.0.0.202111181127/tools/bin/../lib/gcc/arm-none-eabi/10.3.1/thumb/v7e-m+fp/hard/crti.o
LOAD c:/st/stm32cubeide_1.10.1/stm32cubeide/plugins/com.st.stm32cube.ide.mcu.externaltools.gnu-tools-for-stm32.10.3-2021.10.win32_1.0.0.202111181127/tools/bin/../lib/gcc/arm-none-eabi/10.3.1/thumb/v7e-m+fp/hard/crtbegin.o
LOAD c:/st/stm32cubeide_1.10.1/stm32cubeide/plugins/com.st.stm32cube.ide.mcu.externaltools.gnu-tools-for-stm32.10.3-2021.10.win32_1.0.0.202111181127/tools/bin/../lib/gcc/arm-none-eabi/10.3.1/../../../../arm-none-eabi/lib/thumb/v7e-m+fp/hard/crt0.o
LOAD ./Core/Src/button.o
LOAD ./Core/Src/ds3231.o
LOAD ./Core/Src/fsm_alarm.o
LOAD ./Core/Src/fsm_clock.o
LOAD ./Core/Src/fsmc.o
LOAD ./Core/Src/global.o
LOAD ./Core/Src/gpio.o
LOAD ./Core/Src/i2c.o
LOAD ./Core/Src/lcd.o
LOAD ./Core/Src/led_7seg.o
LOAD ./Core/Src/main.o
LOAD ./Core/Src/picture.o
LOAD ./Core/Src/software_timer.o
LOAD ./Core/Src/spi.o
LOAD ./Core/Src/stm32f4xx_hal_msp.o
LOAD ./Core/Src/stm32f4xx_it.o
LOAD ./Core/Src/syscalls.o
LOAD ./Core/Src/sysmem.o
LOAD ./Core/Src/system_stm32f4xx.o
LOAD ./Core/Src/tim.o
LOAD ./Core/Src/uart.o
LOAD ./Core/Src/uart_comm.o
LOAD ./Core/Src/usart.o
LOAD ./Core/Src/utils.o
LOAD ./Core/Startup/startup_stm32f407zetx.o
LOAD ./Drivers/STM32F4xx_HAL_Driver/Src/stm32f4xx_hal.o
LOAD ./Drivers/STM32F4xx_HAL_Driver/Src/stm32f4xx_hal_cortex.o
LOAD ./Drivers/STM32F4xx_HAL_Driver/Src/stm32f4xx_hal_dma.o
LOAD ./Drivers/STM32F4xx_HAL_Driver/Src/stm32f4xx_hal_dma_ex.o
LOAD ./Drivers/STM32F4xx_HAL_Driver/Src/stm32f4xx_hal_exti.o
LOAD ./Drivers/STM32F4xx_HAL_Driver/Src/stm32f4xx_hal_flash.o
LOAD ./Drivers/STM32F4xx_HAL_Driver/Src/stm32f4xx_hal_flash_ex.o
LOAD ./Drivers/STM32F4xx_HAL_Driver/Src/stm32f4xx_hal_flash_ramfunc.o
LOAD ./Drivers/STM32F4xx_HAL_Driver/Src/stm32f4xx_hal_gpio.o
LOAD ./Drivers/STM32F4xx_HAL_Driver/Src/stm32f4xx_hal_i2c.o
LOAD ./Drivers/STM32F4xx_HAL_Driver/Src/stm32f4xx_hal_i2c_ex.o
LOAD ./Drivers/STM32F4xx_HAL_Driver/Src/stm32f4xx_hal_pwr.o
LOAD ./Drivers/STM32F4xx_HAL_Driver/Src/stm32f4xx_hal_pwr_ex.o
LOAD ./Drivers/STM32F4xx_HAL_Driver/Src/stm32f4xx_hal_rcc.o
LOAD ./Drivers/STM32F4xx_HAL_Driver/Src/stm32f4xx_hal_rcc_ex.o
LOAD ./Drivers/STM32F4xx_HAL_Driver/Src/stm32f4xx_hal_spi.o
LOAD ./Drivers/STM32F4xx_HAL_Driver/Src/stm32f4xx_hal_sram.o
LOAD ./Drivers/STM32F4xx_HAL_Driver/Src/stm32f4xx_hal_tim.o
LOAD ./Drivers/STM32F4xx_HAL_Driver/Src/stm32f4xx_hal_tim_ex.o
LOAD ./Drivers/STM32F4xx_HAL_Driver/Src/stm32f4xx_hal_uart.o
LOAD ./Drivers/STM32F4xx_HAL_Driver/Src/stm32f4xx_ll_fsmc.o
START GROUP
LOAD c:/st/stm32cubeide_1.10.1/stm32cubeide/plugins/com.st.stm32cube.ide.mcu.externaltools.gnu-tools-for-stm32.10.3-2021.10.win32_1.0.0.202111181127/tools/bin/../lib/gcc/arm-none-eabi/10.3.1/../../../../arm-none-eabi/lib/thumb/v7e-m+fp/hard\libc_nano.a
LOAD c:/st/stm32cubeide_1.10.1/stm32cubeide/plugins/com.st.stm32cube.ide.mcu.externaltools.gnu-tools-for-stm32.10.3-2021.10.win32_1.0.0.202111181127/tools/bin/../lib/gcc/arm-none-eabi/10.3.1/../../../../arm-none-eabi/lib/thumb/v7e-m+fp/hard\libm.a
END GROUP
START GROUP
LOAD c:/st/stm32cubeide_1.10.1/stm32cubeide/plugins/com.st.stm32cube.ide.mcu.externaltools.gnu-tools-for-stm32.10.3-2021.10.win32_1.0.0.202111181127/tools/bin/../lib/gcc/arm-none-eabi/10.3.1/thumb/v7e-m+fp/hard\libgcc.a
LOAD c:/st/stm32cubeide_1.10.1/stm32cubeide/plugins/com.st.stm32cube.ide.mcu.externaltools.gnu-tools-for-stm32.10.3-2021.10.win32_1.0.0.202111181127/tools/bin/../lib/gcc/arm-none-eabi/10.3.1/../../../../arm-none-eabi/lib/thumb/v7e-m+fp/hard\libc_nano.a
END GROUP
START GROUP
LOAD c:/st/stm32cubeide_1.10.1/stm32cubeide/plugins/com.st.stm32cube.ide.mcu.externaltools.gnu-tools-for-stm32.10.3-2021.10.win32_1.0.0.202111181127/tools/bin/../lib/gcc/arm-none-eabi/10.3.1/thumb/v7e-m+fp/hard\libgcc.a
LOAD c:/st/stm32cubeide_1.10.1/stm32cubeide/plugins/com.st.stm32cube.ide.mcu.externaltools.gnu-tools-for-stm32.10.3-2021.10.win32_1.0.0.202111181127/tools/bin/../lib/gcc/arm-none-eabi/10.3.1/../../../../arm-none-eabi/lib/thumb/v7e-m+fp/hard\libc_nano.a
LOAD c:/st/stm32cubeide_1.10.1/stm32cubeide/plugins/com.st.stm32cube.ide.mcu.externaltools.gnu-tools-for-stm32.10.3-2021.10.win32_1.0.0.202111181127/tools/bin/../lib/gcc/arm-none-eabi/10.3.1/../../../../arm-none-eabi/lib/thumb/v7e-m+fp/hard\libnosys.a
END GROUP
START GROUP
LOAD c:/st/stm32cubeide_1.10.1/stm32cubeide/plugins/com.st.stm32cube.ide.mcu.externaltools.gnu-tools-for-stm32.10.3-2021.10.win32_1.0.0.202111181127/tools/bin/../lib/gcc/arm-none-eabi/10.3.1/thumb/v7e-m+fp/hard\libgcc.a
LOAD c:/st/stm32cubeide_1.10.1/stm32cubeide/plugins/com.st.stm32cube.ide.mcu.externaltools.gnu-tools-for-stm32.10.3-2021.10.win32_1.0.0.202111181127/tools/bin/../lib/gcc/arm-none-eabi/10.3.1/../../../../arm-none-eabi/lib/thumb/v7e-m+fp/hard\libc_nano.a
LOAD c:/st/stm32cubeide_1.10.1/stm32cubeide/plugins/com.st.stm32cube.ide.mcu.externaltools.gnu-tools-for-stm32.10.3-2021.10.win32_1.0.0.202111181127/tools/bin/../lib/gcc/arm-none-eabi/10.3.1/../../../../arm-none-eabi/lib/thumb/v7e-m+fp/hard\libnosys.a
END GROUP
LOAD c:/st/stm32cubeide_1.10.1/stm32cubeide/plugins/com.st.stm32cube.ide.mcu.externaltools.gnu-tools-for-stm32.10.3-2021.10.win32_1.0.0.202111181127/tools/bin/../lib/gcc/arm-none-eabi/10.3.1/thumb/v7e-m+fp/hard/crtend.o
LOAD c:/st/stm32cubeide_1.10.1/stm32cubeide/plugins/com.st.stm32cube.ide.mcu.externaltools.gnu-tools-for-stm32.10.3-2021.10.win32_1.0.0.202111181127/tools/bin/../lib/gcc/arm-none-eabi/10.3.1/thumb/v7e-m+fp/hard/crtn.o
                0x0000000020020000                _estack = (ORIGIN (RAM) + LENGTH (RAM))
                0x0000000000000200                _Min_Heap_Size = 0x200
                0x0000000000000400                _Min_Stack_Size = 0x400

.isr_vector     0x0000000008000000      0x188
                0x0000000008000000                . = ALIGN (0x4)
 *(.isr_vector)
 .isr_vector    0x0000000008000000      0x188 ./Core/Startup/startup_stm32f407zetx.o
                0x0000000008000000                g_pfnVectors
                0x0000000008000188                . = ALIGN (0x4)

.text           0x0000000008000190     0x902c
                0x0000000008000190                . = ALIGN (0x4)
 *(.text)
 .text          0x0000000008000190       0x40 c:/st/stm32cubeide_1.10.1/stm32cubeide/plugins/com.st.stm32cube.ide.mcu.externaltools.gnu-tools-for-stm32.10.3-2021.10.win32_1.0.0.202111181127/tools/bin/../lib/gcc/arm-none-eabi/10.3.1/thumb/v7e-m+fp/hard/crtbegin.o
 .text          0x00000000080001d0       0x10 c:/st/stm32cubeide_1.10.1/stm32cubeide/plugins/com.st.stm32cube.ide.mcu.externaltools.gnu-tools-for-stm32.10.3-2021.10.win32_1.0.0.202111181127/tools/bin/../lib/gcc/arm-none-eabi/10.3.1/../../../../arm-none-eabi/lib/thumb/v7e-m+fp/hard\libc_nano.a(lib_a-strlen.o)
                0x00000000080001d0                strlen
 .text          0x00000000080001e0       0xa0 c:/st/stm32cubeide_1.10.1/stm32cubeide/plugins/com.st.stm32cube.ide.mcu.externaltools.gnu-tools-for-stm32.10.3-2021.10.win32_1.0.0.202111181127/tools/bin/../lib/gcc/arm-none-eabi/10.3.1/../../../../arm-none-eabi/lib/thumb/v7e-m+fp/hard\libc_nano.a(lib_a-memchr.o)
                0x00000000080001e0                memchr
 .text          0x0000000008000280       0x30 c:/st/stm32cubeide_1.10.1/stm32cubeide/plugins/com.st.stm32cube.ide.mcu.externaltools.gnu-tools-for-stm32.10.3-2021.10.win32_1.0.0.202111181127/tools/bin/../lib/gcc/arm-none-eabi/10.3.1/thumb/v7e-m+fp/hard\libgcc.a(_aeabi_uldivmod.o)
                0x0000000008000280                __aeabi_uldivmod
 .text          0x00000000080002b0      0x2d0 c:/st/stm32cubeide_1.10.1/stm32cubeide/plugins/com.st.stm32cube.ide.mcu.externaltools.gnu-tools-for-stm32.10.3-2021.10.win32_1.0.0.202111181127/tools/bin/../lib/gcc/arm-none-eabi/10.3.1/thumb/v7e-m+fp/hard\libgcc.a(_udivmoddi4.o)
                0x00000000080002b0                __udivmoddi4
 .text          0x0000000008000580        0x4 c:/st/stm32cubeide_1.10.1/stm32cubeide/plugins/com.st.stm32cube.ide.mcu.externaltools.gnu-tools-for-stm32.10.3-2021.10.win32_1.0.0.202111181127/tools/bin/../lib/gcc/arm-none-eabi/10.3.1/thumb/v7e-m+fp/hard\libgcc.a(_dvmd_tls.o)
                0x0000000008000580                __aeabi_idiv0
                0x0000000008000580                __aeabi_ldiv0
 *(.text*)
 .text.button_init
                0x0000000008000584       0x18 ./Core/Src/button.o
                0x0000000008000584                button_init
 .text.button_Scan
                0x000000000800059c       0xd8 ./Core/Src/button.o
                0x000000000800059c                button_Scan
 .text.ds3231_Write
                0x0000000008000674       0x44 ./Core/Src/ds3231.o
                0x0000000008000674                ds3231_Write
 .text.ds3231_ReadTime
                0x00000000080006b8       0xc8 ./Core/Src/ds3231.o
                0x00000000080006b8                ds3231_ReadTime
 .text.ds3231_ReadAlarm
                0x0000000008000780       0x58 ./Core/Src/ds3231.o
                0x0000000008000780                ds3231_ReadAlarm
 .text.fsm_alarm
                0x00000000080007d8      0x4a0 ./Core/Src/fsm_alarm.o
                0x00000000080007d8                fsm_alarm
 .text.fsm_clock
                0x0000000008000c78      0xf28 ./Core/Src/fsm_clock.o
                0x0000000008000c78                fsm_clock
 .text.MX_FSMC_Init
                0x0000000008001ba0       0xf4 ./Core/Src/fsmc.o
                0x0000000008001ba0                MX_FSMC_Init
 .text.HAL_FSMC_MspInit
                0x0000000008001c94       0x98 ./Core/Src/fsmc.o
 .text.HAL_SRAM_MspInit
                0x0000000008001d2c       0x14 ./Core/Src/fsmc.o
                0x0000000008001d2c                HAL_SRAM_MspInit
 .text.init_value
                0x0000000008001d40      0x1a0 ./Core/Src/global.o
                0x0000000008001d40                init_value
 .text.init_counter
                0x0000000008001ee0       0x80 ./Core/Src/global.o
                0x0000000008001ee0                init_counter
 .text.init_counter_alarm
                0x0000000008001f60       0x30 ./Core/Src/global.o
                0x0000000008001f60                init_counter_alarm
 .text.blinky   0x0000000008001f90      0x290 ./Core/Src/global.o
                0x0000000008001f90                blinky
 .text.blinkyAlarm
                0x0000000008002220       0xfc ./Core/Src/global.o
                0x0000000008002220                blinkyAlarm
 .text.displayTime
                0x000000000800231c       0xfc ./Core/Src/global.o
                0x000000000800231c                displayTime
 .text.updateTime
                0x0000000008002418       0x40 ./Core/Src/global.o
                0x0000000008002418                updateTime
 .text.displayAlarm
                0x0000000008002458       0x4c ./Core/Src/global.o
                0x0000000008002458                displayAlarm
 .text.updateAlarm
                0x00000000080024a4       0x18 ./Core/Src/global.o
                0x00000000080024a4                updateAlarm
 .text.alert    0x00000000080024bc       0x74 ./Core/Src/global.o
                0x00000000080024bc                alert
 .text.save_ClockSettings
                0x0000000008002530       0x78 ./Core/Src/global.o
                0x0000000008002530                save_ClockSettings
 .text.save_AlarmSettings
                0x00000000080025a8       0x28 ./Core/Src/global.o
                0x00000000080025a8                save_AlarmSettings
 .text.uart_Flag
                0x00000000080025d0      0x12c ./Core/Src/global.o
                0x00000000080025d0                uart_Flag
 .text.MX_GPIO_Init
                0x00000000080026fc      0x1f0 ./Core/Src/gpio.o
                0x00000000080026fc                MX_GPIO_Init
 .text.MX_I2C1_Init
                0x00000000080028ec       0x5c ./Core/Src/i2c.o
                0x00000000080028ec                MX_I2C1_Init
 .text.HAL_I2C_MspInit
                0x0000000008002948       0x90 ./Core/Src/i2c.o
                0x0000000008002948                HAL_I2C_MspInit
 .text.LCD_WR_REG
                0x00000000080029d8       0x20 ./Core/Src/lcd.o
                0x00000000080029d8                LCD_WR_REG
 .text.LCD_WR_DATA
                0x00000000080029f8       0x20 ./Core/Src/lcd.o
                0x00000000080029f8                LCD_WR_DATA
 .text.LCD_RD_DATA
                0x0000000008002a18       0x24 ./Core/Src/lcd.o
                0x0000000008002a18                LCD_RD_DATA
 .text.lcd_AddressSet
                0x0000000008002a3c       0x98 ./Core/Src/lcd.o
                0x0000000008002a3c                lcd_AddressSet
 .text.lcd_Clear
                0x0000000008002ad4       0x74 ./Core/Src/lcd.o
                0x0000000008002ad4                lcd_Clear
 .text.lcd_Fill
                0x0000000008002b48       0x6c ./Core/Src/lcd.o
                0x0000000008002b48                lcd_Fill
 .text.lcd_DrawPoint
                0x0000000008002bb4       0x2e ./Core/Src/lcd.o
                0x0000000008002bb4                lcd_DrawPoint
 *fill*         0x0000000008002be2        0x2 
 .text.lcd_ShowChar
                0x0000000008002be4      0x1a0 ./Core/Src/lcd.o
                0x0000000008002be4                lcd_ShowChar
 .text.mypow    0x0000000008002d84       0x38 ./Core/Src/lcd.o
                0x0000000008002d84                mypow
 .text.lcd_ShowIntNum
                0x0000000008002dbc       0xfc ./Core/Src/lcd.o
                0x0000000008002dbc                lcd_ShowIntNum
 .text.lcd_SetDir
                0x0000000008002eb8       0x48 ./Core/Src/lcd.o
                0x0000000008002eb8                lcd_SetDir
 .text.lcd_init
                0x0000000008002f00      0x2c0 ./Core/Src/lcd.o
                0x0000000008002f00                lcd_init
 .text.lcd_ShowStr
                0x00000000080031c0       0xc8 ./Core/Src/lcd.o
                0x00000000080031c0                lcd_ShowStr
 .text.lcd_StrCenter
                0x0000000008003288       0x64 ./Core/Src/lcd.o
                0x0000000008003288                lcd_StrCenter
 .text.led7_init
                0x00000000080032ec       0x18 ./Core/Src/led_7seg.o
                0x00000000080032ec                led7_init
 .text.led7_Scan
                0x0000000008003304      0x118 ./Core/Src/led_7seg.o
                0x0000000008003304                led7_Scan
 .text.main     0x000000000800341c       0x7c ./Core/Src/main.o
                0x000000000800341c                main
 .text.SystemClock_Config
                0x0000000008003498       0xd4 ./Core/Src/main.o
                0x0000000008003498                SystemClock_Config
 .text.system_init
                0x000000000800356c       0x44 ./Core/Src/main.o
                0x000000000800356c                system_init
 .text.test_LedDebug
                0x00000000080035b0       0x48 ./Core/Src/main.o
                0x00000000080035b0                test_LedDebug
 .text.Error_Handler
                0x00000000080035f8        0xa ./Core/Src/main.o
                0x00000000080035f8                Error_Handler
 *fill*         0x0000000008003602        0x2 
 .text.timer_init
                0x0000000008003604       0x14 ./Core/Src/software_timer.o
                0x0000000008003604                timer_init
 .text.setTimer2
                0x0000000008003618       0x38 ./Core/Src/software_timer.o
                0x0000000008003618                setTimer2
 .text.HAL_TIM_PeriodElapsedCallback
                0x0000000008003650       0x54 ./Core/Src/software_timer.o
                0x0000000008003650                HAL_TIM_PeriodElapsedCallback
 .text.MX_SPI1_Init
                0x00000000080036a4       0x6c ./Core/Src/spi.o
                0x00000000080036a4                MX_SPI1_Init
 .text.HAL_SPI_MspInit
                0x0000000008003710       0x90 ./Core/Src/spi.o
                0x0000000008003710                HAL_SPI_MspInit
 .text.HAL_MspInit
                0x00000000080037a0       0x50 ./Core/Src/stm32f4xx_hal_msp.o
                0x00000000080037a0                HAL_MspInit
 .text.NMI_Handler
                0x00000000080037f0        0x6 ./Core/Src/stm32f4xx_it.o
                0x00000000080037f0                NMI_Handler
 .text.HardFault_Handler
                0x00000000080037f6        0x6 ./Core/Src/stm32f4xx_it.o
                0x00000000080037f6                HardFault_Handler
 .text.MemManage_Handler
                0x00000000080037fc        0x6 ./Core/Src/stm32f4xx_it.o
                0x00000000080037fc                MemManage_Handler
 .text.BusFault_Handler
                0x0000000008003802        0x6 ./Core/Src/stm32f4xx_it.o
                0x0000000008003802                BusFault_Handler
 .text.UsageFault_Handler
                0x0000000008003808        0x6 ./Core/Src/stm32f4xx_it.o
                0x0000000008003808                UsageFault_Handler
 .text.SVC_Handler
                0x000000000800380e        0xe ./Core/Src/stm32f4xx_it.o
                0x000000000800380e                SVC_Handler
 .text.DebugMon_Handler
                0x000000000800381c        0xe ./Core/Src/stm32f4xx_it.o
                0x000000000800381c                DebugMon_Handler
 .text.PendSV_Handler
                0x000000000800382a        0xe ./Core/Src/stm32f4xx_it.o
                0x000000000800382a                PendSV_Handler
 .text.SysTick_Handler
                0x0000000008003838        0xc ./Core/Src/stm32f4xx_it.o
                0x0000000008003838                SysTick_Handler
 .text.TIM2_IRQHandler
                0x0000000008003844       0x14 ./Core/Src/stm32f4xx_it.o
                0x0000000008003844                TIM2_IRQHandler
 .text.USART1_IRQHandler
                0x0000000008003858       0x14 ./Core/Src/stm32f4xx_it.o
                0x0000000008003858                USART1_IRQHandler
 .text._sbrk    0x000000000800386c       0x6c ./Core/Src/sysmem.o
                0x000000000800386c                _sbrk
 .text.SystemInit
                0x00000000080038d8       0x24 ./Core/Src/system_stm32f4xx.o
                0x00000000080038d8                SystemInit
 .text.MX_TIM2_Init
                0x00000000080038fc       0x98 ./Core/Src/tim.o
                0x00000000080038fc                MX_TIM2_Init
 .text.HAL_TIM_Base_MspInit
                0x0000000008003994       0x4c ./Core/Src/tim.o
                0x0000000008003994                HAL_TIM_Base_MspInit
 .text.uart_init_rs232
                0x00000000080039e0       0x1c ./Core/Src/uart.o
                0x00000000080039e0                uart_init_rs232
 .text.uart_Rs232SendString
                0x00000000080039fc       0x34 ./Core/Src/uart.o
                0x00000000080039fc                uart_Rs232SendString
 .text.HAL_UART_RxCpltCallback
                0x0000000008003a30       0x6c ./Core/Src/uart.o
                0x0000000008003a30                HAL_UART_RxCpltCallback
 .text.str_cpy  0x0000000008003a9c       0x3a ./Core/Src/uart_comm.o
                0x0000000008003a9c                str_cpy
 *fill*         0x0000000008003ad6        0x2 
 .text.comm_parser_fsm
                0x0000000008003ad8      0x160 ./Core/Src/uart_comm.o
                0x0000000008003ad8                comm_parser_fsm
 .text.uart_communication
                0x0000000008003c38      0x120 ./Core/Src/uart_comm.o
                0x0000000008003c38                uart_communication
 .text.MX_USART1_UART_Init
                0x0000000008003d58       0x54 ./Core/Src/usart.o
                0x0000000008003d58                MX_USART1_UART_Init
 .text.HAL_UART_MspInit
                0x0000000008003dac       0xa0 ./Core/Src/usart.o
                0x0000000008003dac                HAL_UART_MspInit
 .text.BCD2DEC  0x0000000008003e4c       0x32 ./Core/Src/utils.o
                0x0000000008003e4c                BCD2DEC
 *fill*         0x0000000008003e7e        0x2 
 .text.DEC2BCD  0x0000000008003e80       0x48 ./Core/Src/utils.o
                0x0000000008003e80                DEC2BCD
 .text.Reset_Handler
                0x0000000008003ec8       0x50 ./Core/Startup/startup_stm32f407zetx.o
                0x0000000008003ec8                Reset_Handler
 .text.Default_Handler
                0x0000000008003f18        0x2 ./Core/Startup/startup_stm32f407zetx.o
                0x0000000008003f18                RTC_Alarm_IRQHandler
                0x0000000008003f18                HASH_RNG_IRQHandler
                0x0000000008003f18                EXTI2_IRQHandler
                0x0000000008003f18                TIM8_CC_IRQHandler
                0x0000000008003f18                TIM1_CC_IRQHandler
                0x0000000008003f18                DMA2_Stream5_IRQHandler
                0x0000000008003f18                DMA1_Stream5_IRQHandler
                0x0000000008003f18                PVD_IRQHandler
                0x0000000008003f18                SDIO_IRQHandler
                0x0000000008003f18                TAMP_STAMP_IRQHandler
                0x0000000008003f18                CAN2_RX1_IRQHandler
                0x0000000008003f18                EXTI3_IRQHandler
                0x0000000008003f18                TIM8_TRG_COM_TIM14_IRQHandler
                0x0000000008003f18                TIM1_UP_TIM10_IRQHandler
                0x0000000008003f18                TIM8_UP_TIM13_IRQHandler
                0x0000000008003f18                I2C3_ER_IRQHandler
                0x0000000008003f18                EXTI0_IRQHandler
                0x0000000008003f18                I2C2_EV_IRQHandler
                0x0000000008003f18                DMA1_Stream2_IRQHandler
                0x0000000008003f18                CAN1_RX0_IRQHandler
                0x0000000008003f18                FPU_IRQHandler
                0x0000000008003f18                OTG_HS_WKUP_IRQHandler
                0x0000000008003f18                CAN2_SCE_IRQHandler
                0x0000000008003f18                DMA2_Stream2_IRQHandler
                0x0000000008003f18                SPI1_IRQHandler
                0x0000000008003f18                TIM6_DAC_IRQHandler
                0x0000000008003f18                TIM1_BRK_TIM9_IRQHandler
                0x0000000008003f18                DCMI_IRQHandler
                0x0000000008003f18                CAN2_RX0_IRQHandler
                0x0000000008003f18                DMA2_Stream3_IRQHandler
                0x0000000008003f18                USART6_IRQHandler
                0x0000000008003f18                USART3_IRQHandler
                0x0000000008003f18                CAN1_RX1_IRQHandler
                0x0000000008003f18                UART5_IRQHandler
                0x0000000008003f18                DMA2_Stream0_IRQHandler
                0x0000000008003f18                TIM4_IRQHandler
                0x0000000008003f18                I2C1_EV_IRQHandler
                0x0000000008003f18                DMA1_Stream6_IRQHandler
                0x0000000008003f18                DMA1_Stream1_IRQHandler
                0x0000000008003f18                UART4_IRQHandler
                0x0000000008003f18                TIM3_IRQHandler
                0x0000000008003f18                RCC_IRQHandler
                0x0000000008003f18                TIM8_BRK_TIM12_IRQHandler
                0x0000000008003f18                Default_Handler
                0x0000000008003f18                EXTI15_10_IRQHandler
                0x0000000008003f18                ADC_IRQHandler
                0x0000000008003f18                DMA1_Stream7_IRQHandler
                0x0000000008003f18                TIM7_IRQHandler
                0x0000000008003f18                CAN2_TX_IRQHandler
                0x0000000008003f18                TIM5_IRQHandler
                0x0000000008003f18                DMA2_Stream7_IRQHandler
                0x0000000008003f18                I2C3_EV_IRQHandler
                0x0000000008003f18                EXTI9_5_IRQHandler
                0x0000000008003f18                RTC_WKUP_IRQHandler
                0x0000000008003f18                ETH_WKUP_IRQHandler
                0x0000000008003f18                SPI2_IRQHandler
                0x0000000008003f18                OTG_HS_EP1_IN_IRQHandler
                0x0000000008003f18                DMA1_Stream0_IRQHandler
                0x0000000008003f18                CAN1_TX_IRQHandler
                0x0000000008003f18                EXTI4_IRQHandler
                0x0000000008003f18                FSMC_IRQHandler
                0x0000000008003f18                ETH_IRQHandler
                0x0000000008003f18                OTG_HS_EP1_OUT_IRQHandler
                0x0000000008003f18                WWDG_IRQHandler
                0x0000000008003f18                OTG_FS_WKUP_IRQHandler
                0x0000000008003f18                TIM1_TRG_COM_TIM11_IRQHandler
                0x0000000008003f18                OTG_HS_IRQHandler
                0x0000000008003f18                EXTI1_IRQHandler
                0x0000000008003f18                USART2_IRQHandler
                0x0000000008003f18                I2C2_ER_IRQHandler
                0x0000000008003f18                DMA2_Stream1_IRQHandler
                0x0000000008003f18                CAN1_SCE_IRQHandler
                0x0000000008003f18                FLASH_IRQHandler
                0x0000000008003f18                DMA2_Stream4_IRQHandler
                0x0000000008003f18                OTG_FS_IRQHandler
                0x0000000008003f18                SPI3_IRQHandler
                0x0000000008003f18                DMA1_Stream4_IRQHandler
                0x0000000008003f18                I2C1_ER_IRQHandler
                0x0000000008003f18                DMA2_Stream6_IRQHandler
                0x0000000008003f18                DMA1_Stream3_IRQHandler
 *fill*         0x0000000008003f1a        0x2 
 .text.HAL_Init
                0x0000000008003f1c       0x44 ./Drivers/STM32F4xx_HAL_Driver/Src/stm32f4xx_hal.o
                0x0000000008003f1c                HAL_Init
 .text.HAL_InitTick
                0x0000000008003f60       0x60 ./Drivers/STM32F4xx_HAL_Driver/Src/stm32f4xx_hal.o
                0x0000000008003f60                HAL_InitTick
 .text.HAL_IncTick
                0x0000000008003fc0       0x28 ./Drivers/STM32F4xx_HAL_Driver/Src/stm32f4xx_hal.o
                0x0000000008003fc0                HAL_IncTick
 .text.HAL_GetTick
                0x0000000008003fe8       0x18 ./Drivers/STM32F4xx_HAL_Driver/Src/stm32f4xx_hal.o
                0x0000000008003fe8                HAL_GetTick
 .text.HAL_Delay
                0x0000000008004000       0x48 ./Drivers/STM32F4xx_HAL_Driver/Src/stm32f4xx_hal.o
                0x0000000008004000                HAL_Delay
 .text.__NVIC_SetPriorityGrouping
                0x0000000008004048       0x48 ./Drivers/STM32F4xx_HAL_Driver/Src/stm32f4xx_hal_cortex.o
 .text.__NVIC_GetPriorityGrouping
                0x0000000008004090       0x1c ./Drivers/STM32F4xx_HAL_Driver/Src/stm32f4xx_hal_cortex.o
 .text.__NVIC_EnableIRQ
                0x00000000080040ac       0x3c ./Drivers/STM32F4xx_HAL_Driver/Src/stm32f4xx_hal_cortex.o
 .text.__NVIC_SetPriority
                0x00000000080040e8       0x54 ./Drivers/STM32F4xx_HAL_Driver/Src/stm32f4xx_hal_cortex.o
 .text.NVIC_EncodePriority
                0x000000000800413c       0x66 ./Drivers/STM32F4xx_HAL_Driver/Src/stm32f4xx_hal_cortex.o
 *fill*         0x00000000080041a2        0x2 
 .text.SysTick_Config
                0x00000000080041a4       0x44 ./Drivers/STM32F4xx_HAL_Driver/Src/stm32f4xx_hal_cortex.o
 .text.HAL_NVIC_SetPriorityGrouping
                0x00000000080041e8       0x16 ./Drivers/STM32F4xx_HAL_Driver/Src/stm32f4xx_hal_cortex.o
                0x00000000080041e8                HAL_NVIC_SetPriorityGrouping
 .text.HAL_NVIC_SetPriority
                0x00000000080041fe       0x38 ./Drivers/STM32F4xx_HAL_Driver/Src/stm32f4xx_hal_cortex.o
                0x00000000080041fe                HAL_NVIC_SetPriority
 .text.HAL_NVIC_EnableIRQ
                0x0000000008004236       0x1c ./Drivers/STM32F4xx_HAL_Driver/Src/stm32f4xx_hal_cortex.o
                0x0000000008004236                HAL_NVIC_EnableIRQ
 .text.HAL_SYSTICK_Config
                0x0000000008004252       0x18 ./Drivers/STM32F4xx_HAL_Driver/Src/stm32f4xx_hal_cortex.o
                0x0000000008004252                HAL_SYSTICK_Config
 .text.HAL_DMA_Abort
                0x000000000800426a       0xe0 ./Drivers/STM32F4xx_HAL_Driver/Src/stm32f4xx_hal_dma.o
                0x000000000800426a                HAL_DMA_Abort
 .text.HAL_DMA_Abort_IT
                0x000000000800434a       0x44 ./Drivers/STM32F4xx_HAL_Driver/Src/stm32f4xx_hal_dma.o
                0x000000000800434a                HAL_DMA_Abort_IT
 *fill*         0x000000000800438e        0x2 
 .text.HAL_GPIO_Init
                0x0000000008004390      0x338 ./Drivers/STM32F4xx_HAL_Driver/Src/stm32f4xx_hal_gpio.o
                0x0000000008004390                HAL_GPIO_Init
 .text.HAL_GPIO_WritePin
                0x00000000080046c8       0x32 ./Drivers/STM32F4xx_HAL_Driver/Src/stm32f4xx_hal_gpio.o
                0x00000000080046c8                HAL_GPIO_WritePin
 .text.HAL_GPIO_TogglePin
                0x00000000080046fa       0x34 ./Drivers/STM32F4xx_HAL_Driver/Src/stm32f4xx_hal_gpio.o
                0x00000000080046fa                HAL_GPIO_TogglePin
 *fill*         0x000000000800472e        0x2 
 .text.HAL_I2C_Init
                0x0000000008004730      0x288 ./Drivers/STM32F4xx_HAL_Driver/Src/stm32f4xx_hal_i2c.o
                0x0000000008004730                HAL_I2C_Init
 .text.HAL_I2C_Mem_Write
                0x00000000080049b8      0x1f4 ./Drivers/STM32F4xx_HAL_Driver/Src/stm32f4xx_hal_i2c.o
                0x00000000080049b8                HAL_I2C_Mem_Write
 .text.HAL_I2C_Mem_Read
                0x0000000008004bac      0x44c ./Drivers/STM32F4xx_HAL_Driver/Src/stm32f4xx_hal_i2c.o
                0x0000000008004bac                HAL_I2C_Mem_Read
 .text.I2C_RequestMemoryWrite
                0x0000000008004ff8      0x12c ./Drivers/STM32F4xx_HAL_Driver/Src/stm32f4xx_hal_i2c.o
 .text.I2C_RequestMemoryRead
                0x0000000008005124      0x1d0 ./Drivers/STM32F4xx_HAL_Driver/Src/stm32f4xx_hal_i2c.o
 .text.I2C_WaitOnFlagUntilTimeout
                0x00000000080052f4       0xae ./Drivers/STM32F4xx_HAL_Driver/Src/stm32f4xx_hal_i2c.o
 .text.I2C_WaitOnMasterAddressFlagUntilTimeout
                0x00000000080053a2       0xfe ./Drivers/STM32F4xx_HAL_Driver/Src/stm32f4xx_hal_i2c.o
 .text.I2C_WaitOnTXEFlagUntilTimeout
                0x00000000080054a0       0x82 ./Drivers/STM32F4xx_HAL_Driver/Src/stm32f4xx_hal_i2c.o
 .text.I2C_WaitOnBTFFlagUntilTimeout
                0x0000000008005522       0x82 ./Drivers/STM32F4xx_HAL_Driver/Src/stm32f4xx_hal_i2c.o
 .text.I2C_WaitOnRXNEFlagUntilTimeout
                0x00000000080055a4       0xac ./Drivers/STM32F4xx_HAL_Driver/Src/stm32f4xx_hal_i2c.o
 .text.I2C_IsAcknowledgeFailed
                0x0000000008005650       0x5e ./Drivers/STM32F4xx_HAL_Driver/Src/stm32f4xx_hal_i2c.o
 *fill*         0x00000000080056ae        0x2 
 .text.HAL_RCC_OscConfig
                0x00000000080056b0      0x4f0 ./Drivers/STM32F4xx_HAL_Driver/Src/stm32f4xx_hal_rcc.o
                0x00000000080056b0                HAL_RCC_OscConfig
 .text.HAL_RCC_ClockConfig
                0x0000000008005ba0      0x1cc ./Drivers/STM32F4xx_HAL_Driver/Src/stm32f4xx_hal_rcc.o
                0x0000000008005ba0                HAL_RCC_ClockConfig
 .text.HAL_RCC_GetSysClockFreq
                0x0000000008005d6c      0x20c ./Drivers/STM32F4xx_HAL_Driver/Src/stm32f4xx_hal_rcc.o
                0x0000000008005d6c                HAL_RCC_GetSysClockFreq
 .text.HAL_RCC_GetHCLKFreq
                0x0000000008005f78       0x18 ./Drivers/STM32F4xx_HAL_Driver/Src/stm32f4xx_hal_rcc.o
                0x0000000008005f78                HAL_RCC_GetHCLKFreq
 .text.HAL_RCC_GetPCLK1Freq
                0x0000000008005f90       0x28 ./Drivers/STM32F4xx_HAL_Driver/Src/stm32f4xx_hal_rcc.o
                0x0000000008005f90                HAL_RCC_GetPCLK1Freq
 .text.HAL_RCC_GetPCLK2Freq
                0x0000000008005fb8       0x28 ./Drivers/STM32F4xx_HAL_Driver/Src/stm32f4xx_hal_rcc.o
                0x0000000008005fb8                HAL_RCC_GetPCLK2Freq
 .text.HAL_SPI_Init
                0x0000000008005fe0      0x112 ./Drivers/STM32F4xx_HAL_Driver/Src/stm32f4xx_hal_spi.o
                0x0000000008005fe0                HAL_SPI_Init
 .text.HAL_SPI_Transmit
                0x00000000080060f2      0x278 ./Drivers/STM32F4xx_HAL_Driver/Src/stm32f4xx_hal_spi.o
                0x00000000080060f2                HAL_SPI_Transmit
 .text.HAL_SPI_Receive
                0x000000000800636a      0x222 ./Drivers/STM32F4xx_HAL_Driver/Src/stm32f4xx_hal_spi.o
                0x000000000800636a                HAL_SPI_Receive
 .text.HAL_SPI_TransmitReceive
                0x000000000800658c      0x344 ./Drivers/STM32F4xx_HAL_Driver/Src/stm32f4xx_hal_spi.o
                0x000000000800658c                HAL_SPI_TransmitReceive
 .text.SPI_WaitFlagStateUntilTimeout
                0x00000000080068d0      0x110 ./Drivers/STM32F4xx_HAL_Driver/Src/stm32f4xx_hal_spi.o
 .text.SPI_EndRxTransaction
                0x00000000080069e0       0xca ./Drivers/STM32F4xx_HAL_Driver/Src/stm32f4xx_hal_spi.o
 *fill*         0x0000000008006aaa        0x2 
 .text.SPI_EndRxTxTransaction
                0x0000000008006aac       0x84 ./Drivers/STM32F4xx_HAL_Driver/Src/stm32f4xx_hal_spi.o
 .text.HAL_SRAM_Init
                0x0000000008006b30       0x88 ./Drivers/STM32F4xx_HAL_Driver/Src/stm32f4xx_hal_sram.o
                0x0000000008006b30                HAL_SRAM_Init
 .text.HAL_TIM_Base_Init
                0x0000000008006bb8       0x9e ./Drivers/STM32F4xx_HAL_Driver/Src/stm32f4xx_hal_tim.o
                0x0000000008006bb8                HAL_TIM_Base_Init
 *fill*         0x0000000008006c56        0x2 
 .text.HAL_TIM_Base_Start_IT
                0x0000000008006c58       0xe0 ./Drivers/STM32F4xx_HAL_Driver/Src/stm32f4xx_hal_tim.o
                0x0000000008006c58                HAL_TIM_Base_Start_IT
 .text.HAL_TIM_IRQHandler
                0x0000000008006d38      0x210 ./Drivers/STM32F4xx_HAL_Driver/Src/stm32f4xx_hal_tim.o
                0x0000000008006d38                HAL_TIM_IRQHandler
 .text.HAL_TIM_ConfigClockSource
                0x0000000008006f48      0x18e ./Drivers/STM32F4xx_HAL_Driver/Src/stm32f4xx_hal_tim.o
                0x0000000008006f48                HAL_TIM_ConfigClockSource
 .text.HAL_TIM_OC_DelayElapsedCallback
                0x00000000080070d6       0x14 ./Drivers/STM32F4xx_HAL_Driver/Src/stm32f4xx_hal_tim.o
                0x00000000080070d6                HAL_TIM_OC_DelayElapsedCallback
 .text.HAL_TIM_IC_CaptureCallback
                0x00000000080070ea       0x14 ./Drivers/STM32F4xx_HAL_Driver/Src/stm32f4xx_hal_tim.o
                0x00000000080070ea                HAL_TIM_IC_CaptureCallback
 .text.HAL_TIM_PWM_PulseFinishedCallback
                0x00000000080070fe       0x14 ./Drivers/STM32F4xx_HAL_Driver/Src/stm32f4xx_hal_tim.o
                0x00000000080070fe                HAL_TIM_PWM_PulseFinishedCallback
 .text.HAL_TIM_TriggerCallback
                0x0000000008007112       0x14 ./Drivers/STM32F4xx_HAL_Driver/Src/stm32f4xx_hal_tim.o
                0x0000000008007112                HAL_TIM_TriggerCallback
 *fill*         0x0000000008007126        0x2 
 .text.TIM_Base_SetConfig
                0x0000000008007128      0x140 ./Drivers/STM32F4xx_HAL_Driver/Src/stm32f4xx_hal_tim.o
                0x0000000008007128                TIM_Base_SetConfig
 .text.TIM_TI1_ConfigInputStage
                0x0000000008007268       0x5e ./Drivers/STM32F4xx_HAL_Driver/Src/stm32f4xx_hal_tim.o
 .text.TIM_TI2_ConfigInputStage
                0x00000000080072c6       0x60 ./Drivers/STM32F4xx_HAL_Driver/Src/stm32f4xx_hal_tim.o
 .text.TIM_ITRx_SetConfig
                0x0000000008007326       0x36 ./Drivers/STM32F4xx_HAL_Driver/Src/stm32f4xx_hal_tim.o
 .text.TIM_ETR_SetConfig
                0x000000000800735c       0x40 ./Drivers/STM32F4xx_HAL_Driver/Src/stm32f4xx_hal_tim.o
                0x000000000800735c                TIM_ETR_SetConfig
 .text.HAL_TIMEx_MasterConfigSynchronization
                0x000000000800739c       0xf8 ./Drivers/STM32F4xx_HAL_Driver/Src/stm32f4xx_hal_tim_ex.o
                0x000000000800739c                HAL_TIMEx_MasterConfigSynchronization
 .text.HAL_TIMEx_CommutCallback
                0x0000000008007494       0x14 ./Drivers/STM32F4xx_HAL_Driver/Src/stm32f4xx_hal_tim_ex.o
                0x0000000008007494                HAL_TIMEx_CommutCallback
 .text.HAL_TIMEx_BreakCallback
                0x00000000080074a8       0x14 ./Drivers/STM32F4xx_HAL_Driver/Src/stm32f4xx_hal_tim_ex.o
                0x00000000080074a8                HAL_TIMEx_BreakCallback
 .text.HAL_UART_Init
                0x00000000080074bc       0x9a ./Drivers/STM32F4xx_HAL_Driver/Src/stm32f4xx_hal_uart.o
                0x00000000080074bc                HAL_UART_Init
 .text.HAL_UART_Transmit
                0x0000000008007556      0x124 ./Drivers/STM32F4xx_HAL_Driver/Src/stm32f4xx_hal_uart.o
                0x0000000008007556                HAL_UART_Transmit
 .text.HAL_UART_Receive_IT
                0x000000000800767a       0x60 ./Drivers/STM32F4xx_HAL_Driver/Src/stm32f4xx_hal_uart.o
                0x000000000800767a                HAL_UART_Receive_IT
 *fill*         0x00000000080076da        0x2 
 .text.HAL_UART_IRQHandler
                0x00000000080076dc      0x51c ./Drivers/STM32F4xx_HAL_Driver/Src/stm32f4xx_hal_uart.o
                0x00000000080076dc                HAL_UART_IRQHandler
 .text.HAL_UART_TxCpltCallback
                0x0000000008007bf8       0x14 ./Drivers/STM32F4xx_HAL_Driver/Src/stm32f4xx_hal_uart.o
                0x0000000008007bf8                HAL_UART_TxCpltCallback
 .text.HAL_UART_ErrorCallback
                0x0000000008007c0c       0x14 ./Drivers/STM32F4xx_HAL_Driver/Src/stm32f4xx_hal_uart.o
                0x0000000008007c0c                HAL_UART_ErrorCallback
 .text.HAL_UARTEx_RxEventCallback
                0x0000000008007c20       0x18 ./Drivers/STM32F4xx_HAL_Driver/Src/stm32f4xx_hal_uart.o
                0x0000000008007c20                HAL_UARTEx_RxEventCallback
 .text.UART_WaitOnFlagUntilTimeout
                0x0000000008007c38       0xdc ./Drivers/STM32F4xx_HAL_Driver/Src/stm32f4xx_hal_uart.o
 .text.UART_Start_Receive_IT
                0x0000000008007d14       0x74 ./Drivers/STM32F4xx_HAL_Driver/Src/stm32f4xx_hal_uart.o
                0x0000000008007d14                UART_Start_Receive_IT
 .text.UART_EndRxTransfer
                0x0000000008007d88       0xc6 ./Drivers/STM32F4xx_HAL_Driver/Src/stm32f4xx_hal_uart.o
 .text.UART_DMAAbortOnError
                0x0000000008007e4e       0x28 ./Drivers/STM32F4xx_HAL_Driver/Src/stm32f4xx_hal_uart.o
 .text.UART_Transmit_IT
                0x0000000008007e76       0xa0 ./Drivers/STM32F4xx_HAL_Driver/Src/stm32f4xx_hal_uart.o
 .text.UART_EndTransmit_IT
                0x0000000008007f16       0x30 ./Drivers/STM32F4xx_HAL_Driver/Src/stm32f4xx_hal_uart.o
 .text.UART_Receive_IT
                0x0000000008007f46      0x176 ./Drivers/STM32F4xx_HAL_Driver/Src/stm32f4xx_hal_uart.o
 .text.UART_SetConfig
                0x00000000080080bc      0x4e8 ./Drivers/STM32F4xx_HAL_Driver/Src/stm32f4xx_hal_uart.o
 .text.FSMC_NORSRAM_Init
                0x00000000080085a4       0xa4 ./Drivers/STM32F4xx_HAL_Driver/Src/stm32f4xx_ll_fsmc.o
                0x00000000080085a4                FSMC_NORSRAM_Init
 .text.FSMC_NORSRAM_Timing_Init
                0x0000000008008648       0x7a ./Drivers/STM32F4xx_HAL_Driver/Src/stm32f4xx_ll_fsmc.o
                0x0000000008008648                FSMC_NORSRAM_Timing_Init
 *fill*         0x00000000080086c2        0x2 
 .text.FSMC_NORSRAM_Extended_Timing_Init
                0x00000000080086c4       0x80 ./Drivers/STM32F4xx_HAL_Driver/Src/stm32f4xx_ll_fsmc.o
                0x00000000080086c4                FSMC_NORSRAM_Extended_Timing_Init
 .text.atoi     0x0000000008008744        0x8 c:/st/stm32cubeide_1.10.1/stm32cubeide/plugins/com.st.stm32cube.ide.mcu.externaltools.gnu-tools-for-stm32.10.3-2021.10.win32_1.0.0.202111181127/tools/bin/../lib/gcc/arm-none-eabi/10.3.1/../../../../arm-none-eabi/lib/thumb/v7e-m+fp/hard\libc_nano.a(lib_a-atoi.o)
                0x0000000008008744                atoi
 .text.__errno  0x000000000800874c        0xc c:/st/stm32cubeide_1.10.1/stm32cubeide/plugins/com.st.stm32cube.ide.mcu.externaltools.gnu-tools-for-stm32.10.3-2021.10.win32_1.0.0.202111181127/tools/bin/../lib/gcc/arm-none-eabi/10.3.1/../../../../arm-none-eabi/lib/thumb/v7e-m+fp/hard\libc_nano.a(lib_a-errno.o)
                0x000000000800874c                __errno
 .text.__libc_init_array
                0x0000000008008758       0x48 c:/st/stm32cubeide_1.10.1/stm32cubeide/plugins/com.st.stm32cube.ide.mcu.externaltools.gnu-tools-for-stm32.10.3-2021.10.win32_1.0.0.202111181127/tools/bin/../lib/gcc/arm-none-eabi/10.3.1/../../../../arm-none-eabi/lib/thumb/v7e-m+fp/hard\libc_nano.a(lib_a-init.o)
                0x0000000008008758                __libc_init_array
 .text.memset   0x00000000080087a0       0x10 c:/st/stm32cubeide_1.10.1/stm32cubeide/plugins/com.st.stm32cube.ide.mcu.externaltools.gnu-tools-for-stm32.10.3-2021.10.win32_1.0.0.202111181127/tools/bin/../lib/gcc/arm-none-eabi/10.3.1/../../../../arm-none-eabi/lib/thumb/v7e-m+fp/hard\libc_nano.a(lib_a-memset.o)
                0x00000000080087a0                memset
 .text.sprintf  0x00000000080087b0       0x40 c:/st/stm32cubeide_1.10.1/stm32cubeide/plugins/com.st.stm32cube.ide.mcu.externaltools.gnu-tools-for-stm32.10.3-2021.10.win32_1.0.0.202111181127/tools/bin/../lib/gcc/arm-none-eabi/10.3.1/../../../../arm-none-eabi/lib/thumb/v7e-m+fp/hard\libc_nano.a(lib_a-sprintf.o)
                0x00000000080087b0                siprintf
                0x00000000080087b0                sprintf
 .text._strtol_l.constprop.0
                0x00000000080087f0      0x104 c:/st/stm32cubeide_1.10.1/stm32cubeide/plugins/com.st.stm32cube.ide.mcu.externaltools.gnu-tools-for-stm32.10.3-2021.10.win32_1.0.0.202111181127/tools/bin/../lib/gcc/arm-none-eabi/10.3.1/../../../../arm-none-eabi/lib/thumb/v7e-m+fp/hard\libc_nano.a(lib_a-strtol.o)
 .text.strtol   0x00000000080088f4       0x14 c:/st/stm32cubeide_1.10.1/stm32cubeide/plugins/com.st.stm32cube.ide.mcu.externaltools.gnu-tools-for-stm32.10.3-2021.10.win32_1.0.0.202111181127/tools/bin/../lib/gcc/arm-none-eabi/10.3.1/../../../../arm-none-eabi/lib/thumb/v7e-m+fp/hard\libc_nano.a(lib_a-strtol.o)
                0x00000000080088f4                strtol
 .text.__ssputs_r
                0x0000000008008908       0xb6 c:/st/stm32cubeide_1.10.1/stm32cubeide/plugins/com.st.stm32cube.ide.mcu.externaltools.gnu-tools-for-stm32.10.3-2021.10.win32_1.0.0.202111181127/tools/bin/../lib/gcc/arm-none-eabi/10.3.1/../../../../arm-none-eabi/lib/thumb/v7e-m+fp/hard\libc_nano.a(lib_a-nano-svfprintf.o)
                0x0000000008008908                __ssputs_r
 *fill*         0x00000000080089be        0x2 
 .text._svfprintf_r
                0x00000000080089c0      0x200 c:/st/stm32cubeide_1.10.1/stm32cubeide/plugins/com.st.stm32cube.ide.mcu.externaltools.gnu-tools-for-stm32.10.3-2021.10.win32_1.0.0.202111181127/tools/bin/../lib/gcc/arm-none-eabi/10.3.1/../../../../arm-none-eabi/lib/thumb/v7e-m+fp/hard\libc_nano.a(lib_a-nano-svfprintf.o)
                0x00000000080089c0                _svfiprintf_r
                0x00000000080089c0                _svfprintf_r
 .text._printf_common
                0x0000000008008bc0       0xda c:/st/stm32cubeide_1.10.1/stm32cubeide/plugins/com.st.stm32cube.ide.mcu.externaltools.gnu-tools-for-stm32.10.3-2021.10.win32_1.0.0.202111181127/tools/bin/../lib/gcc/arm-none-eabi/10.3.1/../../../../arm-none-eabi/lib/thumb/v7e-m+fp/hard\libc_nano.a(lib_a-nano-vfprintf_i.o)
                0x0000000008008bc0                _printf_common
 *fill*         0x0000000008008c9a        0x2 
 .text._printf_i
                0x0000000008008c9c      0x24c c:/st/stm32cubeide_1.10.1/stm32cubeide/plugins/com.st.stm32cube.ide.mcu.externaltools.gnu-tools-for-stm32.10.3-2021.10.win32_1.0.0.202111181127/tools/bin/../lib/gcc/arm-none-eabi/10.3.1/../../../../arm-none-eabi/lib/thumb/v7e-m+fp/hard\libc_nano.a(lib_a-nano-vfprintf_i.o)
                0x0000000008008c9c                _printf_i
 .text.memcpy   0x0000000008008ee8       0x1c c:/st/stm32cubeide_1.10.1/stm32cubeide/plugins/com.st.stm32cube.ide.mcu.externaltools.gnu-tools-for-stm32.10.3-2021.10.win32_1.0.0.202111181127/tools/bin/../lib/gcc/arm-none-eabi/10.3.1/../../../../arm-none-eabi/lib/thumb/v7e-m+fp/hard\libc_nano.a(lib_a-memcpy-stub.o)
                0x0000000008008ee8                memcpy
 .text.memmove  0x0000000008008f04       0x34 c:/st/stm32cubeide_1.10.1/stm32cubeide/plugins/com.st.stm32cube.ide.mcu.externaltools.gnu-tools-for-stm32.10.3-2021.10.win32_1.0.0.202111181127/tools/bin/../lib/gcc/arm-none-eabi/10.3.1/../../../../arm-none-eabi/lib/thumb/v7e-m+fp/hard\libc_nano.a(lib_a-memmove.o)
                0x0000000008008f04                memmove
 .text._free_r  0x0000000008008f38       0x98 c:/st/stm32cubeide_1.10.1/stm32cubeide/plugins/com.st.stm32cube.ide.mcu.externaltools.gnu-tools-for-stm32.10.3-2021.10.win32_1.0.0.202111181127/tools/bin/../lib/gcc/arm-none-eabi/10.3.1/../../../../arm-none-eabi/lib/thumb/v7e-m+fp/hard\libc_nano.a(lib_a-nano-freer.o)
                0x0000000008008f38                _free_r
 .text.sbrk_aligned
                0x0000000008008fd0       0x40 c:/st/stm32cubeide_1.10.1/stm32cubeide/plugins/com.st.stm32cube.ide.mcu.externaltools.gnu-tools-for-stm32.10.3-2021.10.win32_1.0.0.202111181127/tools/bin/../lib/gcc/arm-none-eabi/10.3.1/../../../../arm-none-eabi/lib/thumb/v7e-m+fp/hard\libc_nano.a(lib_a-nano-mallocr.o)
 .text._malloc_r
                0x0000000008009010       0xe8 c:/st/stm32cubeide_1.10.1/stm32cubeide/plugins/com.st.stm32cube.ide.mcu.externaltools.gnu-tools-for-stm32.10.3-2021.10.win32_1.0.0.202111181127/tools/bin/../lib/gcc/arm-none-eabi/10.3.1/../../../../arm-none-eabi/lib/thumb/v7e-m+fp/hard\libc_nano.a(lib_a-nano-mallocr.o)
                0x0000000008009010                _malloc_r
 .text._realloc_r
                0x00000000080090f8       0x5e c:/st/stm32cubeide_1.10.1/stm32cubeide/plugins/com.st.stm32cube.ide.mcu.externaltools.gnu-tools-for-stm32.10.3-2021.10.win32_1.0.0.202111181127/tools/bin/../lib/gcc/arm-none-eabi/10.3.1/../../../../arm-none-eabi/lib/thumb/v7e-m+fp/hard\libc_nano.a(lib_a-nano-reallocr.o)
                0x00000000080090f8                _realloc_r
 *fill*         0x0000000008009156        0x2 
 .text._sbrk_r  0x0000000008009158       0x20 c:/st/stm32cubeide_1.10.1/stm32cubeide/plugins/com.st.stm32cube.ide.mcu.externaltools.gnu-tools-for-stm32.10.3-2021.10.win32_1.0.0.202111181127/tools/bin/../lib/gcc/arm-none-eabi/10.3.1/../../../../arm-none-eabi/lib/thumb/v7e-m+fp/hard\libc_nano.a(lib_a-sbrkr.o)
                0x0000000008009158                _sbrk_r
 .text.__malloc_lock
                0x0000000008009178        0xc c:/st/stm32cubeide_1.10.1/stm32cubeide/plugins/com.st.stm32cube.ide.mcu.externaltools.gnu-tools-for-stm32.10.3-2021.10.win32_1.0.0.202111181127/tools/bin/../lib/gcc/arm-none-eabi/10.3.1/../../../../arm-none-eabi/lib/thumb/v7e-m+fp/hard\libc_nano.a(lib_a-mlock.o)
                0x0000000008009178                __malloc_lock
 .text.__malloc_unlock
                0x0000000008009184        0xc c:/st/stm32cubeide_1.10.1/stm32cubeide/plugins/com.st.stm32cube.ide.mcu.externaltools.gnu-tools-for-stm32.10.3-2021.10.win32_1.0.0.202111181127/tools/bin/../lib/gcc/arm-none-eabi/10.3.1/../../../../arm-none-eabi/lib/thumb/v7e-m+fp/hard\libc_nano.a(lib_a-mlock.o)
                0x0000000008009184                __malloc_unlock
 .text._malloc_usable_size_r
                0x0000000008009190       0x10 c:/st/stm32cubeide_1.10.1/stm32cubeide/plugins/com.st.stm32cube.ide.mcu.externaltools.gnu-tools-for-stm32.10.3-2021.10.win32_1.0.0.202111181127/tools/bin/../lib/gcc/arm-none-eabi/10.3.1/../../../../arm-none-eabi/lib/thumb/v7e-m+fp/hard\libc_nano.a(lib_a-nano-msizer.o)
                0x0000000008009190                _malloc_usable_size_r
 .text.__retarget_lock_acquire_recursive
                0x00000000080091a0        0x2 c:/st/stm32cubeide_1.10.1/stm32cubeide/plugins/com.st.stm32cube.ide.mcu.externaltools.gnu-tools-for-stm32.10.3-2021.10.win32_1.0.0.202111181127/tools/bin/../lib/gcc/arm-none-eabi/10.3.1/../../../../arm-none-eabi/lib/thumb/v7e-m+fp/hard\libc_nano.a(lib_a-lock.o)
                0x00000000080091a0                __retarget_lock_acquire_recursive
 .text.__retarget_lock_release_recursive
                0x00000000080091a2        0x2 c:/st/stm32cubeide_1.10.1/stm32cubeide/plugins/com.st.stm32cube.ide.mcu.externaltools.gnu-tools-for-stm32.10.3-2021.10.win32_1.0.0.202111181127/tools/bin/../lib/gcc/arm-none-eabi/10.3.1/../../../../arm-none-eabi/lib/thumb/v7e-m+fp/hard\libc_nano.a(lib_a-lock.o)
                0x00000000080091a2                __retarget_lock_release_recursive
 *(.glue_7)
 .glue_7        0x00000000080091a4        0x0 linker stubs
 *(.glue_7t)
 .glue_7t       0x00000000080091a4        0x0 linker stubs
 *(.eh_frame)
 .eh_frame      0x00000000080091a4        0x0 c:/st/stm32cubeide_1.10.1/stm32cubeide/plugins/com.st.stm32cube.ide.mcu.externaltools.gnu-tools-for-stm32.10.3-2021.10.win32_1.0.0.202111181127/tools/bin/../lib/gcc/arm-none-eabi/10.3.1/thumb/v7e-m+fp/hard/crtbegin.o
 *(.init)
 .init          0x00000000080091a4        0x4 c:/st/stm32cubeide_1.10.1/stm32cubeide/plugins/com.st.stm32cube.ide.mcu.externaltools.gnu-tools-for-stm32.10.3-2021.10.win32_1.0.0.202111181127/tools/bin/../lib/gcc/arm-none-eabi/10.3.1/thumb/v7e-m+fp/hard/crti.o
                0x00000000080091a4                _init
 .init          0x00000000080091a8        0x8 c:/st/stm32cubeide_1.10.1/stm32cubeide/plugins/com.st.stm32cube.ide.mcu.externaltools.gnu-tools-for-stm32.10.3-2021.10.win32_1.0.0.202111181127/tools/bin/../lib/gcc/arm-none-eabi/10.3.1/thumb/v7e-m+fp/hard/crtn.o
 *(.fini)
 .fini          0x00000000080091b0        0x4 c:/st/stm32cubeide_1.10.1/stm32cubeide/plugins/com.st.stm32cube.ide.mcu.externaltools.gnu-tools-for-stm32.10.3-2021.10.win32_1.0.0.202111181127/tools/bin/../lib/gcc/arm-none-eabi/10.3.1/thumb/v7e-m+fp/hard/crti.o
                0x00000000080091b0                _fini
 .fini          0x00000000080091b4        0x8 c:/st/stm32cubeide_1.10.1/stm32cubeide/plugins/com.st.stm32cube.ide.mcu.externaltools.gnu-tools-for-stm32.10.3-2021.10.win32_1.0.0.202111181127/tools/bin/../lib/gcc/arm-none-eabi/10.3.1/thumb/v7e-m+fp/hard/crtn.o
                0x00000000080091bc                . = ALIGN (0x4)
                0x00000000080091bc                _etext = .

.vfp11_veneer   0x00000000080091bc        0x0
 .vfp11_veneer  0x00000000080091bc        0x0 linker stubs

.v4_bx          0x00000000080091bc        0x0
 .v4_bx         0x00000000080091bc        0x0 linker stubs

.iplt           0x00000000080091bc        0x0
 .iplt          0x00000000080091bc        0x0 c:/st/stm32cubeide_1.10.1/stm32cubeide/plugins/com.st.stm32cube.ide.mcu.externaltools.gnu-tools-for-stm32.10.3-2021.10.win32_1.0.0.202111181127/tools/bin/../lib/gcc/arm-none-eabi/10.3.1/thumb/v7e-m+fp/hard/crtbegin.o

.rodata         0x00000000080091bc     0x32a8
                0x00000000080091bc                . = ALIGN (0x4)
 *(.rodata)
 .rodata        0x00000000080091bc       0x82 ./Core/Src/fsm_alarm.o
 *fill*         0x000000000800923e        0x2 
 .rodata        0x0000000008009240      0x11a ./Core/Src/fsm_clock.o
 *fill*         0x000000000800935a        0x2 
 .rodata        0x000000000800935c       0x14 ./Core/Src/global.o
 .rodata        0x0000000008009370       0x12 ./Core/Src/uart.o
 *fill*         0x0000000008009382        0x2 
 .rodata        0x0000000008009384       0x11 ./Core/Src/uart_comm.o
 *(.rodata*)
 *fill*         0x0000000008009395        0x3 
 .rodata.ascii_1608
                0x0000000008009398      0x5f0 ./Core/Src/lcd.o
                0x0000000008009398                ascii_1608
 .rodata.ascii_2412
                0x0000000008009988     0x11d0 ./Core/Src/lcd.o
                0x0000000008009988                ascii_2412
 .rodata.ascii_3216
                0x000000000800ab58     0x17c0 ./Core/Src/lcd.o
                0x000000000800ab58                ascii_3216
 .rodata.AHBPrescTable
                0x000000000800c318       0x10 ./Core/Src/system_stm32f4xx.o
                0x000000000800c318                AHBPrescTable
 .rodata.APBPrescTable
                0x000000000800c328        0x8 ./Core/Src/system_stm32f4xx.o
                0x000000000800c328                APBPrescTable
 .rodata._ctype_
                0x000000000800c330      0x101 c:/st/stm32cubeide_1.10.1/stm32cubeide/plugins/com.st.stm32cube.ide.mcu.externaltools.gnu-tools-for-stm32.10.3-2021.10.win32_1.0.0.202111181127/tools/bin/../lib/gcc/arm-none-eabi/10.3.1/../../../../arm-none-eabi/lib/thumb/v7e-m+fp/hard\libc_nano.a(lib_a-ctype_.o)
                0x000000000800c330                _ctype_
 .rodata._svfprintf_r.str1.1
                0x000000000800c431       0x11 c:/st/stm32cubeide_1.10.1/stm32cubeide/plugins/com.st.stm32cube.ide.mcu.externaltools.gnu-tools-for-stm32.10.3-2021.10.win32_1.0.0.202111181127/tools/bin/../lib/gcc/arm-none-eabi/10.3.1/../../../../arm-none-eabi/lib/thumb/v7e-m+fp/hard\libc_nano.a(lib_a-nano-svfprintf.o)
 .rodata._printf_i.str1.1
                0x000000000800c442       0x22 c:/st/stm32cubeide_1.10.1/stm32cubeide/plugins/com.st.stm32cube.ide.mcu.externaltools.gnu-tools-for-stm32.10.3-2021.10.win32_1.0.0.202111181127/tools/bin/../lib/gcc/arm-none-eabi/10.3.1/../../../../arm-none-eabi/lib/thumb/v7e-m+fp/hard\libc_nano.a(lib_a-nano-vfprintf_i.o)
                0x000000000800c464                . = ALIGN (0x4)

.ARM.extab      0x000000000800c464        0x0
                0x000000000800c464                . = ALIGN (0x4)
 *(.ARM.extab* .gnu.linkonce.armextab.*)
                0x000000000800c464                . = ALIGN (0x4)

.ARM            0x000000000800c464        0x8
                0x000000000800c464                . = ALIGN (0x4)
                0x000000000800c464                __exidx_start = .
 *(.ARM.exidx*)
 .ARM.exidx     0x000000000800c464        0x8 c:/st/stm32cubeide_1.10.1/stm32cubeide/plugins/com.st.stm32cube.ide.mcu.externaltools.gnu-tools-for-stm32.10.3-2021.10.win32_1.0.0.202111181127/tools/bin/../lib/gcc/arm-none-eabi/10.3.1/thumb/v7e-m+fp/hard\libgcc.a(_udivmoddi4.o)
                0x000000000800c46c                __exidx_end = .
                0x000000000800c46c                . = ALIGN (0x4)

.rel.dyn        0x000000000800c46c        0x0
 .rel.iplt      0x000000000800c46c        0x0 c:/st/stm32cubeide_1.10.1/stm32cubeide/plugins/com.st.stm32cube.ide.mcu.externaltools.gnu-tools-for-stm32.10.3-2021.10.win32_1.0.0.202111181127/tools/bin/../lib/gcc/arm-none-eabi/10.3.1/thumb/v7e-m+fp/hard/crtbegin.o

.preinit_array  0x000000000800c46c        0x0
                0x000000000800c46c                . = ALIGN (0x4)
                0x000000000800c46c                PROVIDE (__preinit_array_start = .)
 *(.preinit_array*)
                0x000000000800c46c                PROVIDE (__preinit_array_end = .)
                0x000000000800c46c                . = ALIGN (0x4)

.init_array     0x000000000800c46c        0x4
                0x000000000800c46c                . = ALIGN (0x4)
                0x000000000800c46c                PROVIDE (__init_array_start = .)
 *(SORT_BY_NAME(.init_array.*))
 *(.init_array*)
 .init_array    0x000000000800c46c        0x4 c:/st/stm32cubeide_1.10.1/stm32cubeide/plugins/com.st.stm32cube.ide.mcu.externaltools.gnu-tools-for-stm32.10.3-2021.10.win32_1.0.0.202111181127/tools/bin/../lib/gcc/arm-none-eabi/10.3.1/thumb/v7e-m+fp/hard/crtbegin.o
                0x000000000800c470                PROVIDE (__init_array_end = .)
                0x000000000800c470                . = ALIGN (0x4)

.fini_array     0x000000000800c470        0x4
                0x000000000800c470                . = ALIGN (0x4)
                [!provide]                        PROVIDE (__fini_array_start = .)
 *(SORT_BY_NAME(.fini_array.*))
 *(.fini_array*)
 .fini_array    0x000000000800c470        0x4 c:/st/stm32cubeide_1.10.1/stm32cubeide/plugins/com.st.stm32cube.ide.mcu.externaltools.gnu-tools-for-stm32.10.3-2021.10.win32_1.0.0.202111181127/tools/bin/../lib/gcc/arm-none-eabi/10.3.1/thumb/v7e-m+fp/hard/crtbegin.o
                [!provide]                        PROVIDE (__fini_array_end = .)
                0x000000000800c474                . = ALIGN (0x4)
                0x000000000800c474                _sidata = LOADADDR (.data)

.data           0x0000000020000000       0x7c load address 0x000000000800c474
                0x0000000020000000                . = ALIGN (0x4)
                0x0000000020000000                _sdata = .
 *(.data)
 *(.data*)
 .data.led7seg  0x0000000020000000        0x4 ./Core/Src/led_7seg.o
                0x0000000020000000                led7seg
 .data.spi_buffer
                0x0000000020000004        0x2 ./Core/Src/led_7seg.o
                0x0000000020000004                spi_buffer
 *fill*         0x0000000020000006        0x2 
 .data.SystemCoreClock
                0x0000000020000008        0x4 ./Core/Src/system_stm32f4xx.o
                0x0000000020000008                SystemCoreClock
 .data.uart_status
                0x000000002000000c        0x1 ./Core/Src/uart_comm.o
                0x000000002000000c                uart_status
 *fill*         0x000000002000000d        0x3 
 .data.uwTickPrio
                0x0000000020000010        0x4 ./Drivers/STM32F4xx_HAL_Driver/Src/stm32f4xx_hal.o
                0x0000000020000010                uwTickPrio
 .data.uwTickFreq
                0x0000000020000014        0x1 ./Drivers/STM32F4xx_HAL_Driver/Src/stm32f4xx_hal.o
                0x0000000020000014                uwTickFreq
 *fill*         0x0000000020000015        0x3 
 .data._impure_ptr
                0x0000000020000018        0x4 c:/st/stm32cubeide_1.10.1/stm32cubeide/plugins/com.st.stm32cube.ide.mcu.externaltools.gnu-tools-for-stm32.10.3-2021.10.win32_1.0.0.202111181127/tools/bin/../lib/gcc/arm-none-eabi/10.3.1/../../../../arm-none-eabi/lib/thumb/v7e-m+fp/hard\libc_nano.a(lib_a-impure.o)
                0x0000000020000018                _impure_ptr
 .data.impure_data
                0x000000002000001c       0x60 c:/st/stm32cubeide_1.10.1/stm32cubeide/plugins/com.st.stm32cube.ide.mcu.externaltools.gnu-tools-for-stm32.10.3-2021.10.win32_1.0.0.202111181127/tools/bin/../lib/gcc/arm-none-eabi/10.3.1/../../../../arm-none-eabi/lib/thumb/v7e-m+fp/hard\libc_nano.a(lib_a-impure.o)
 *(.RamFunc)
 *(.RamFunc*)
                0x000000002000007c                . = ALIGN (0x4)
                0x000000002000007c                _edata = .
                0x000000000800c4f0                _siccmram = LOADADDR (.ccmram)

.igot.plt       0x000000002000007c        0x0 load address 0x000000000800c4f0
 .igot.plt      0x000000002000007c        0x0 c:/st/stm32cubeide_1.10.1/stm32cubeide/plugins/com.st.stm32cube.ide.mcu.externaltools.gnu-tools-for-stm32.10.3-2021.10.win32_1.0.0.202111181127/tools/bin/../lib/gcc/arm-none-eabi/10.3.1/thumb/v7e-m+fp/hard/crtbegin.o

.ccmram         0x0000000010000000        0x0 load address 0x000000000800c4f0
                0x0000000010000000                . = ALIGN (0x4)
                0x0000000010000000                _sccmram = .
 *(.ccmram)
 *(.ccmram*)
                0x0000000010000000                . = ALIGN (0x4)
                0x0000000010000000                _eccmram = .
                0x0000000010000000                . = ALIGN (0x4)

.bss            0x000000002000007c      0x3a8
                0x000000002000007c                _sbss = .
                0x000000002000007c                __bss_start__ = _sbss
 *(.bss)
 .bss           0x000000002000007c       0x1c c:/st/stm32cubeide_1.10.1/stm32cubeide/plugins/com.st.stm32cube.ide.mcu.externaltools.gnu-tools-for-stm32.10.3-2021.10.win32_1.0.0.202111181127/tools/bin/../lib/gcc/arm-none-eabi/10.3.1/thumb/v7e-m+fp/hard/crtbegin.o
 *(.bss*)
 .bss.button_count
                0x0000000020000098       0x20 ./Core/Src/button.o
                0x0000000020000098                button_count
 .bss.spi_button
                0x00000000200000b8        0x2 ./Core/Src/button.o
                0x00000000200000b8                spi_button
 *fill*         0x00000000200000ba        0x2 
 .bss.ds3231_buffer
                0x00000000200000bc        0x7 ./Core/Src/ds3231.o
                0x00000000200000bc                ds3231_buffer
 *fill*         0x00000000200000c3        0x1 
 .bss.ds3231_alarm_buf
                0x00000000200000c4        0x2 ./Core/Src/ds3231.o
                0x00000000200000c4                ds3231_alarm_buf
 .bss.ds3231_hours
                0x00000000200000c6        0x1 ./Core/Src/ds3231.o
                0x00000000200000c6                ds3231_hours
 .bss.ds3231_min
                0x00000000200000c7        0x1 ./Core/Src/ds3231.o
                0x00000000200000c7                ds3231_min
 .bss.ds3231_sec
                0x00000000200000c8        0x1 ./Core/Src/ds3231.o
                0x00000000200000c8                ds3231_sec
 .bss.ds3231_date
                0x00000000200000c9        0x1 ./Core/Src/ds3231.o
                0x00000000200000c9                ds3231_date
 .bss.ds3231_day
                0x00000000200000ca        0x1 ./Core/Src/ds3231.o
                0x00000000200000ca                ds3231_day
 .bss.ds3231_month
                0x00000000200000cb        0x1 ./Core/Src/ds3231.o
                0x00000000200000cb                ds3231_month
 .bss.ds3231_year
                0x00000000200000cc        0x1 ./Core/Src/ds3231.o
                0x00000000200000cc                ds3231_year
 .bss.ds3231_alarm_hour
                0x00000000200000cd        0x1 ./Core/Src/ds3231.o
                0x00000000200000cd                ds3231_alarm_hour
 .bss.ds3231_alarm_min
                0x00000000200000ce        0x1 ./Core/Src/ds3231.o
                0x00000000200000ce                ds3231_alarm_min
 *fill*         0x00000000200000cf        0x1 
 .bss.hsram1    0x00000000200000d0       0x50 ./Core/Src/fsmc.o
                0x00000000200000d0                hsram1
 .bss.FSMC_Initialized
                0x0000000020000120        0x4 ./Core/Src/fsmc.o
 .bss.statusNORMAL_1
                0x0000000020000124        0x4 ./Core/Src/global.o
                0x0000000020000124                statusNORMAL_1
 .bss.statusNORMAL_2
                0x0000000020000128        0x4 ./Core/Src/global.o
                0x0000000020000128                statusNORMAL_2
 .bss.statusSEC_1
                0x000000002000012c        0x4 ./Core/Src/global.o
                0x000000002000012c                statusSEC_1
 .bss.statusSEC_2
                0x0000000020000130        0x4 ./Core/Src/global.o
                0x0000000020000130                statusSEC_2
 .bss.statusSEC_3
                0x0000000020000134        0x4 ./Core/Src/global.o
                0x0000000020000134                statusSEC_3
 .bss.statusMIN_1
                0x0000000020000138        0x4 ./Core/Src/global.o
                0x0000000020000138                statusMIN_1
 .bss.statusMIN_2
                0x000000002000013c        0x4 ./Core/Src/global.o
                0x000000002000013c                statusMIN_2
 .bss.statusMIN_3
                0x0000000020000140        0x4 ./Core/Src/global.o
                0x0000000020000140                statusMIN_3
 .bss.statusHOUR_1
                0x0000000020000144        0x4 ./Core/Src/global.o
                0x0000000020000144                statusHOUR_1
 .bss.statusHOUR_2
                0x0000000020000148        0x4 ./Core/Src/global.o
                0x0000000020000148                statusHOUR_2
 .bss.statusHOUR_3
                0x000000002000014c        0x4 ./Core/Src/global.o
                0x000000002000014c                statusHOUR_3
 .bss.statusDAY_1
                0x0000000020000150        0x4 ./Core/Src/global.o
                0x0000000020000150                statusDAY_1
 .bss.statusDAY_2
                0x0000000020000154        0x4 ./Core/Src/global.o
                0x0000000020000154                statusDAY_2
 .bss.statusDAY_3
                0x0000000020000158        0x4 ./Core/Src/global.o
                0x0000000020000158                statusDAY_3
 .bss.statusDATE_1
                0x000000002000015c        0x4 ./Core/Src/global.o
                0x000000002000015c                statusDATE_1
 .bss.statusDATE_2
                0x0000000020000160        0x4 ./Core/Src/global.o
                0x0000000020000160                statusDATE_2
 .bss.statusDATE_3
                0x0000000020000164        0x4 ./Core/Src/global.o
                0x0000000020000164                statusDATE_3
 .bss.statusMONTH_1
                0x0000000020000168        0x4 ./Core/Src/global.o
                0x0000000020000168                statusMONTH_1
 .bss.statusMONTH_2
                0x000000002000016c        0x4 ./Core/Src/global.o
                0x000000002000016c                statusMONTH_2
 .bss.statusMONTH_3
                0x0000000020000170        0x4 ./Core/Src/global.o
                0x0000000020000170                statusMONTH_3
 .bss.statusYEAR_1
                0x0000000020000174        0x4 ./Core/Src/global.o
                0x0000000020000174                statusYEAR_1
 .bss.statusYEAR_2
                0x0000000020000178        0x4 ./Core/Src/global.o
                0x0000000020000178                statusYEAR_2
 .bss.statusYEAR_3
                0x000000002000017c        0x4 ./Core/Src/global.o
                0x000000002000017c                statusYEAR_3
 .bss.statusNORMAL_ALARM
                0x0000000020000180        0x4 ./Core/Src/global.o
                0x0000000020000180                statusNORMAL_ALARM
 .bss.statusHOUR_ALARM_1
                0x0000000020000184        0x4 ./Core/Src/global.o
                0x0000000020000184                statusHOUR_ALARM_1
 .bss.statusHOUR_ALARM_2
                0x0000000020000188        0x4 ./Core/Src/global.o
                0x0000000020000188                statusHOUR_ALARM_2
 .bss.statusHOUR_ALARM_3
                0x000000002000018c        0x4 ./Core/Src/global.o
                0x000000002000018c                statusHOUR_ALARM_3
 .bss.statusMIN_ALARM_1
                0x0000000020000190        0x4 ./Core/Src/global.o
                0x0000000020000190                statusMIN_ALARM_1
 .bss.statusMIN_ALARM_2
                0x0000000020000194        0x4 ./Core/Src/global.o
                0x0000000020000194                statusMIN_ALARM_2
 .bss.statusMIN_ALARM_3
                0x0000000020000198        0x4 ./Core/Src/global.o
                0x0000000020000198                statusMIN_ALARM_3
 .bss.mode      0x000000002000019c        0x4 ./Core/Src/global.o
                0x000000002000019c                mode
 .bss.mode_alarm
                0x00000000200001a0        0x4 ./Core/Src/global.o
                0x00000000200001a0                mode_alarm
 .bss.counterSec
                0x00000000200001a4        0x1 ./Core/Src/global.o
                0x00000000200001a4                counterSec
 .bss.counterMin
                0x00000000200001a5        0x1 ./Core/Src/global.o
                0x00000000200001a5                counterMin
 .bss.counterHour
                0x00000000200001a6        0x1 ./Core/Src/global.o
                0x00000000200001a6                counterHour
 .bss.counterDay
                0x00000000200001a7        0x1 ./Core/Src/global.o
                0x00000000200001a7                counterDay
 .bss.counterDate
                0x00000000200001a8        0x1 ./Core/Src/global.o
                0x00000000200001a8                counterDate
 .bss.counterMonth
                0x00000000200001a9        0x1 ./Core/Src/global.o
                0x00000000200001a9                counterMonth
 .bss.counterYear
                0x00000000200001aa        0x1 ./Core/Src/global.o
                0x00000000200001aa                counterYear
 .bss.counterHour_Alarm
                0x00000000200001ab        0x1 ./Core/Src/global.o
                0x00000000200001ab                counterHour_Alarm
 .bss.counterMin_Alarm
                0x00000000200001ac        0x1 ./Core/Src/global.o
                0x00000000200001ac                counterMin_Alarm
 .bss.counter_blink1
                0x00000000200001ad        0x1 ./Core/Src/global.o
                0x00000000200001ad                counter_blink1
 .bss.counter_blink2
                0x00000000200001ae        0x1 ./Core/Src/global.o
                0x00000000200001ae                counter_blink2
 .bss.counter_alert1
                0x00000000200001af        0x1 ./Core/Src/global.o
                0x00000000200001af                counter_alert1
 .bss.counter_alert2
                0x00000000200001b0        0x1 ./Core/Src/global.o
                0x00000000200001b0                counter_alert2
 *fill*         0x00000000200001b1        0x3 
 .bss.isSendStr
                0x00000000200001b4        0x4 ./Core/Src/global.o
                0x00000000200001b4                isSendStr
 .bss.uart_valid
                0x00000000200001b8        0x4 ./Core/Src/global.o
                0x00000000200001b8                uart_valid
 .bss.auto_change_mode
                0x00000000200001bc        0x4 ./Core/Src/global.o
                0x00000000200001bc                auto_change_mode
 .bss.counter_TimeOut
                0x00000000200001c0        0x1 ./Core/Src/global.o
                0x00000000200001c0                counter_TimeOut
 .bss.counter_uartAlert
                0x00000000200001c1        0x1 ./Core/Src/global.o
                0x00000000200001c1                counter_uartAlert
 *fill*         0x00000000200001c2        0x2 
 .bss.flag_Invalid
                0x00000000200001c4        0x4 ./Core/Src/global.o
                0x00000000200001c4                flag_Invalid
 .bss.flag_TimeOut
                0x00000000200001c8        0x4 ./Core/Src/global.o
                0x00000000200001c8                flag_TimeOut
 .bss.flag_Error_TimeOut
                0x00000000200001cc        0x4 ./Core/Src/global.o
                0x00000000200001cc                flag_Error_TimeOut
 .bss.number    0x00000000200001d0        0x4 ./Core/Src/global.o
                0x00000000200001d0                number
 .bss.tempUart  0x00000000200001d4       0x1e ./Core/Src/global.o
                0x00000000200001d4                tempUart
 *fill*         0x00000000200001f2        0x2 
 .bss.hi2c1     0x00000000200001f4       0x54 ./Core/Src/i2c.o
                0x00000000200001f4                hi2c1
 .bss.lcddev    0x0000000020000248        0x6 ./Core/Src/lcd.o
                0x0000000020000248                lcddev
 *fill*         0x000000002000024e        0x2 
 .bss.led7_index
                0x0000000020000250        0x4 ./Core/Src/led_7seg.o
                0x0000000020000250                led7_index
 .bss.count_led_debug
                0x0000000020000254        0x2 ./Core/Src/main.o
                0x0000000020000254                count_led_debug
 .bss.flag_timer2
                0x0000000020000256        0x2 ./Core/Src/software_timer.o
                0x0000000020000256                flag_timer2
 .bss.timer2_counter
                0x0000000020000258        0x2 ./Core/Src/software_timer.o
                0x0000000020000258                timer2_counter
 .bss.timer2_MUL
                0x000000002000025a        0x2 ./Core/Src/software_timer.o
                0x000000002000025a                timer2_MUL
 .bss.hspi1     0x000000002000025c       0x58 ./Core/Src/spi.o
                0x000000002000025c                hspi1
 .bss.__sbrk_heap_end
                0x00000000200002b4        0x4 ./Core/Src/sysmem.o
 .bss.htim2     0x00000000200002b8       0x48 ./Core/Src/tim.o
                0x00000000200002b8                htim2
 .bss.byte_recv
                0x0000000020000300        0x1 ./Core/Src/uart.o
                0x0000000020000300                byte_recv
 *fill*         0x0000000020000301        0x3 
 .bss.buffer_byte
                0x0000000020000304       0x1e ./Core/Src/uart.o
                0x0000000020000304                buffer_byte
 .bss.index_buffer
                0x0000000020000322        0x1 ./Core/Src/uart.o
                0x0000000020000322                index_buffer
 .bss.buffer_flag
                0x0000000020000323        0x1 ./Core/Src/uart.o
                0x0000000020000323                buffer_flag
 .bss.msg       0x0000000020000324       0x64 ./Core/Src/uart.o
                0x0000000020000324                msg
 .bss.command_status
                0x0000000020000388        0x1 ./Core/Src/uart_comm.o
                0x0000000020000388                command_status
 .bss.command_flag
                0x0000000020000389        0x1 ./Core/Src/uart_comm.o
                0x0000000020000389                command_flag
 *fill*         0x000000002000038a        0x2 
 .bss.command_data
                0x000000002000038c       0x1e ./Core/Src/uart_comm.o
                0x000000002000038c                command_data
 .bss.index_cmd_data
                0x00000000200003aa        0x1 ./Core/Src/uart_comm.o
                0x00000000200003aa                index_cmd_data
 *fill*         0x00000000200003ab        0x1 
 .bss.empty_str
                0x00000000200003ac       0x1e ./Core/Src/uart_comm.o
                0x00000000200003ac                empty_str
 *fill*         0x00000000200003ca        0x2 
 .bss.huart1    0x00000000200003cc       0x44 ./Core/Src/usart.o
                0x00000000200003cc                huart1
 .bss.uwTick    0x0000000020000410        0x4 ./Drivers/STM32F4xx_HAL_Driver/Src/stm32f4xx_hal.o
                0x0000000020000410                uwTick
 .bss.__malloc_free_list
                0x0000000020000414        0x4 c:/st/stm32cubeide_1.10.1/stm32cubeide/plugins/com.st.stm32cube.ide.mcu.externaltools.gnu-tools-for-stm32.10.3-2021.10.win32_1.0.0.202111181127/tools/bin/../lib/gcc/arm-none-eabi/10.3.1/../../../../arm-none-eabi/lib/thumb/v7e-m+fp/hard\libc_nano.a(lib_a-nano-mallocr.o)
                0x0000000020000414                __malloc_free_list
 .bss.__malloc_sbrk_start
                0x0000000020000418        0x4 c:/st/stm32cubeide_1.10.1/stm32cubeide/plugins/com.st.stm32cube.ide.mcu.externaltools.gnu-tools-for-stm32.10.3-2021.10.win32_1.0.0.202111181127/tools/bin/../lib/gcc/arm-none-eabi/10.3.1/../../../../arm-none-eabi/lib/thumb/v7e-m+fp/hard\libc_nano.a(lib_a-nano-mallocr.o)
                0x0000000020000418                __malloc_sbrk_start
 .bss.errno     0x000000002000041c        0x4 c:/st/stm32cubeide_1.10.1/stm32cubeide/plugins/com.st.stm32cube.ide.mcu.externaltools.gnu-tools-for-stm32.10.3-2021.10.win32_1.0.0.202111181127/tools/bin/../lib/gcc/arm-none-eabi/10.3.1/../../../../arm-none-eabi/lib/thumb/v7e-m+fp/hard\libc_nano.a(lib_a-reent.o)
                0x000000002000041c                errno
 .bss.__lock___malloc_recursive_mutex
                0x0000000020000420        0x1 c:/st/stm32cubeide_1.10.1/stm32cubeide/plugins/com.st.stm32cube.ide.mcu.externaltools.gnu-tools-for-stm32.10.3-2021.10.win32_1.0.0.202111181127/tools/bin/../lib/gcc/arm-none-eabi/10.3.1/../../../../arm-none-eabi/lib/thumb/v7e-m+fp/hard\libc_nano.a(lib_a-lock.o)
                0x0000000020000420                __lock___malloc_recursive_mutex
 *(COMMON)
                0x0000000020000424                . = ALIGN (0x4)
 *fill*         0x0000000020000421        0x3 
                0x0000000020000424                _ebss = .
                0x0000000020000424                __bss_end__ = _ebss

._user_heap_stack
                0x0000000020000424      0x604
                0x0000000020000428                . = ALIGN (0x8)
 *fill*         0x0000000020000424        0x4 
                [!provide]                        PROVIDE (end = .)
                0x0000000020000428                PROVIDE (_end = .)
                0x0000000020000628                . = (. + _Min_Heap_Size)
 *fill*         0x0000000020000428      0x200 
                0x0000000020000a28                . = (. + _Min_Stack_Size)
 *fill*         0x0000000020000628      0x400 
                0x0000000020000a28                . = ALIGN (0x8)

/DISCARD/
 libc.a(*)
 libm.a(*)
 libgcc.a(*)

.ARM.attributes
                0x0000000000000000       0x30
 *(.ARM.attributes)
 .ARM.attributes
                0x0000000000000000       0x1e c:/st/stm32cubeide_1.10.1/stm32cubeide/plugins/com.st.stm32cube.ide.mcu.externaltools.gnu-tools-for-stm32.10.3-2021.10.win32_1.0.0.202111181127/tools/bin/../lib/gcc/arm-none-eabi/10.3.1/thumb/v7e-m+fp/hard/crti.o
 .ARM.attributes
                0x000000000000001e       0x34 c:/st/stm32cubeide_1.10.1/stm32cubeide/plugins/com.st.stm32cube.ide.mcu.externaltools.gnu-tools-for-stm32.10.3-2021.10.win32_1.0.0.202111181127/tools/bin/../lib/gcc/arm-none-eabi/10.3.1/thumb/v7e-m+fp/hard/crtbegin.o
 .ARM.attributes
                0x0000000000000052       0x34 ./Core/Src/button.o
 .ARM.attributes
                0x0000000000000086       0x34 ./Core/Src/ds3231.o
 .ARM.attributes
                0x00000000000000ba       0x34 ./Core/Src/fsm_alarm.o
 .ARM.attributes
                0x00000000000000ee       0x34 ./Core/Src/fsm_clock.o
 .ARM.attributes
                0x0000000000000122       0x34 ./Core/Src/fsmc.o
 .ARM.attributes
                0x0000000000000156       0x34 ./Core/Src/global.o
 .ARM.attributes
                0x000000000000018a       0x34 ./Core/Src/gpio.o
 .ARM.attributes
                0x00000000000001be       0x34 ./Core/Src/i2c.o
 .ARM.attributes
                0x00000000000001f2       0x34 ./Core/Src/lcd.o
 .ARM.attributes
                0x0000000000000226       0x34 ./Core/Src/led_7seg.o
 .ARM.attributes
                0x000000000000025a       0x34 ./Core/Src/main.o
 .ARM.attributes
                0x000000000000028e       0x34 ./Core/Src/software_timer.o
 .ARM.attributes
                0x00000000000002c2       0x34 ./Core/Src/spi.o
 .ARM.attributes
                0x00000000000002f6       0x34 ./Core/Src/stm32f4xx_hal_msp.o
 .ARM.attributes
                0x000000000000032a       0x34 ./Core/Src/stm32f4xx_it.o
 .ARM.attributes
                0x000000000000035e       0x34 ./Core/Src/sysmem.o
 .ARM.attributes
                0x0000000000000392       0x34 ./Core/Src/system_stm32f4xx.o
 .ARM.attributes
                0x00000000000003c6       0x34 ./Core/Src/tim.o
 .ARM.attributes
                0x00000000000003fa       0x34 ./Core/Src/uart.o
 .ARM.attributes
                0x000000000000042e       0x34 ./Core/Src/uart_comm.o
 .ARM.attributes
                0x0000000000000462       0x34 ./Core/Src/usart.o
 .ARM.attributes
                0x0000000000000496       0x34 ./Core/Src/utils.o
 .ARM.attributes
                0x00000000000004ca       0x21 ./Core/Startup/startup_stm32f407zetx.o
 .ARM.attributes
                0x00000000000004eb       0x34 ./Drivers/STM32F4xx_HAL_Driver/Src/stm32f4xx_hal.o
 .ARM.attributes
                0x000000000000051f       0x34 ./Drivers/STM32F4xx_HAL_Driver/Src/stm32f4xx_hal_cortex.o
 .ARM.attributes
                0x0000000000000553       0x34 ./Drivers/STM32F4xx_HAL_Driver/Src/stm32f4xx_hal_dma.o
 .ARM.attributes
                0x0000000000000587       0x34 ./Drivers/STM32F4xx_HAL_Driver/Src/stm32f4xx_hal_gpio.o
 .ARM.attributes
                0x00000000000005bb       0x34 ./Drivers/STM32F4xx_HAL_Driver/Src/stm32f4xx_hal_i2c.o
 .ARM.attributes
                0x00000000000005ef       0x34 ./Drivers/STM32F4xx_HAL_Driver/Src/stm32f4xx_hal_rcc.o
 .ARM.attributes
                0x0000000000000623       0x34 ./Drivers/STM32F4xx_HAL_Driver/Src/stm32f4xx_hal_spi.o
 .ARM.attributes
                0x0000000000000657       0x34 ./Drivers/STM32F4xx_HAL_Driver/Src/stm32f4xx_hal_sram.o
 .ARM.attributes
                0x000000000000068b       0x34 ./Drivers/STM32F4xx_HAL_Driver/Src/stm32f4xx_hal_tim.o
 .ARM.attributes
                0x00000000000006bf       0x34 ./Drivers/STM32F4xx_HAL_Driver/Src/stm32f4xx_hal_tim_ex.o
 .ARM.attributes
                0x00000000000006f3       0x34 ./Drivers/STM32F4xx_HAL_Driver/Src/stm32f4xx_hal_uart.o
 .ARM.attributes
                0x0000000000000727       0x34 ./Drivers/STM32F4xx_HAL_Driver/Src/stm32f4xx_ll_fsmc.o
 .ARM.attributes
                0x000000000000075b       0x34 c:/st/stm32cubeide_1.10.1/stm32cubeide/plugins/com.st.stm32cube.ide.mcu.externaltools.gnu-tools-for-stm32.10.3-2021.10.win32_1.0.0.202111181127/tools/bin/../lib/gcc/arm-none-eabi/10.3.1/../../../../arm-none-eabi/lib/thumb/v7e-m+fp/hard\libc_nano.a(lib_a-atoi.o)
 .ARM.attributes
                0x000000000000078f       0x34 c:/st/stm32cubeide_1.10.1/stm32cubeide/plugins/com.st.stm32cube.ide.mcu.externaltools.gnu-tools-for-stm32.10.3-2021.10.win32_1.0.0.202111181127/tools/bin/../lib/gcc/arm-none-eabi/10.3.1/../../../../arm-none-eabi/lib/thumb/v7e-m+fp/hard\libc_nano.a(lib_a-errno.o)
 .ARM.attributes
                0x00000000000007c3       0x34 c:/st/stm32cubeide_1.10.1/stm32cubeide/plugins/com.st.stm32cube.ide.mcu.externaltools.gnu-tools-for-stm32.10.3-2021.10.win32_1.0.0.202111181127/tools/bin/../lib/gcc/arm-none-eabi/10.3.1/../../../../arm-none-eabi/lib/thumb/v7e-m+fp/hard\libc_nano.a(lib_a-impure.o)
 .ARM.attributes
                0x00000000000007f7       0x34 c:/st/stm32cubeide_1.10.1/stm32cubeide/plugins/com.st.stm32cube.ide.mcu.externaltools.gnu-tools-for-stm32.10.3-2021.10.win32_1.0.0.202111181127/tools/bin/../lib/gcc/arm-none-eabi/10.3.1/../../../../arm-none-eabi/lib/thumb/v7e-m+fp/hard\libc_nano.a(lib_a-init.o)
 .ARM.attributes
                0x000000000000082b       0x34 c:/st/stm32cubeide_1.10.1/stm32cubeide/plugins/com.st.stm32cube.ide.mcu.externaltools.gnu-tools-for-stm32.10.3-2021.10.win32_1.0.0.202111181127/tools/bin/../lib/gcc/arm-none-eabi/10.3.1/../../../../arm-none-eabi/lib/thumb/v7e-m+fp/hard\libc_nano.a(lib_a-memset.o)
 .ARM.attributes
                0x000000000000085f       0x34 c:/st/stm32cubeide_1.10.1/stm32cubeide/plugins/com.st.stm32cube.ide.mcu.externaltools.gnu-tools-for-stm32.10.3-2021.10.win32_1.0.0.202111181127/tools/bin/../lib/gcc/arm-none-eabi/10.3.1/../../../../arm-none-eabi/lib/thumb/v7e-m+fp/hard\libc_nano.a(lib_a-sprintf.o)
 .ARM.attributes
                0x0000000000000893       0x17 c:/st/stm32cubeide_1.10.1/stm32cubeide/plugins/com.st.stm32cube.ide.mcu.externaltools.gnu-tools-for-stm32.10.3-2021.10.win32_1.0.0.202111181127/tools/bin/../lib/gcc/arm-none-eabi/10.3.1/../../../../arm-none-eabi/lib/thumb/v7e-m+fp/hard\libc_nano.a(lib_a-strlen.o)
 .ARM.attributes
                0x00000000000008aa       0x34 c:/st/stm32cubeide_1.10.1/stm32cubeide/plugins/com.st.stm32cube.ide.mcu.externaltools.gnu-tools-for-stm32.10.3-2021.10.win32_1.0.0.202111181127/tools/bin/../lib/gcc/arm-none-eabi/10.3.1/../../../../arm-none-eabi/lib/thumb/v7e-m+fp/hard\libc_nano.a(lib_a-strtol.o)
 .ARM.attributes
                0x00000000000008de       0x34 c:/st/stm32cubeide_1.10.1/stm32cubeide/plugins/com.st.stm32cube.ide.mcu.externaltools.gnu-tools-for-stm32.10.3-2021.10.win32_1.0.0.202111181127/tools/bin/../lib/gcc/arm-none-eabi/10.3.1/../../../../arm-none-eabi/lib/thumb/v7e-m+fp/hard\libc_nano.a(lib_a-ctype_.o)
 .ARM.attributes
                0x0000000000000912       0x34 c:/st/stm32cubeide_1.10.1/stm32cubeide/plugins/com.st.stm32cube.ide.mcu.externaltools.gnu-tools-for-stm32.10.3-2021.10.win32_1.0.0.202111181127/tools/bin/../lib/gcc/arm-none-eabi/10.3.1/../../../../arm-none-eabi/lib/thumb/v7e-m+fp/hard\libc_nano.a(lib_a-nano-svfprintf.o)
 .ARM.attributes
                0x0000000000000946       0x34 c:/st/stm32cubeide_1.10.1/stm32cubeide/plugins/com.st.stm32cube.ide.mcu.externaltools.gnu-tools-for-stm32.10.3-2021.10.win32_1.0.0.202111181127/tools/bin/../lib/gcc/arm-none-eabi/10.3.1/../../../../arm-none-eabi/lib/thumb/v7e-m+fp/hard\libc_nano.a(lib_a-nano-vfprintf_i.o)
 .ARM.attributes
                0x000000000000097a       0x1c c:/st/stm32cubeide_1.10.1/stm32cubeide/plugins/com.st.stm32cube.ide.mcu.externaltools.gnu-tools-for-stm32.10.3-2021.10.win32_1.0.0.202111181127/tools/bin/../lib/gcc/arm-none-eabi/10.3.1/../../../../arm-none-eabi/lib/thumb/v7e-m+fp/hard\libc_nano.a(lib_a-memchr.o)
 .ARM.attributes
                0x0000000000000996       0x34 c:/st/stm32cubeide_1.10.1/stm32cubeide/plugins/com.st.stm32cube.ide.mcu.externaltools.gnu-tools-for-stm32.10.3-2021.10.win32_1.0.0.202111181127/tools/bin/../lib/gcc/arm-none-eabi/10.3.1/../../../../arm-none-eabi/lib/thumb/v7e-m+fp/hard\libc_nano.a(lib_a-memcpy-stub.o)
 .ARM.attributes
                0x00000000000009ca       0x34 c:/st/stm32cubeide_1.10.1/stm32cubeide/plugins/com.st.stm32cube.ide.mcu.externaltools.gnu-tools-for-stm32.10.3-2021.10.win32_1.0.0.202111181127/tools/bin/../lib/gcc/arm-none-eabi/10.3.1/../../../../arm-none-eabi/lib/thumb/v7e-m+fp/hard\libc_nano.a(lib_a-memmove.o)
 .ARM.attributes
                0x00000000000009fe       0x34 c:/st/stm32cubeide_1.10.1/stm32cubeide/plugins/com.st.stm32cube.ide.mcu.externaltools.gnu-tools-for-stm32.10.3-2021.10.win32_1.0.0.202111181127/tools/bin/../lib/gcc/arm-none-eabi/10.3.1/../../../../arm-none-eabi/lib/thumb/v7e-m+fp/hard\libc_nano.a(lib_a-nano-freer.o)
 .ARM.attributes
                0x0000000000000a32       0x34 c:/st/stm32cubeide_1.10.1/stm32cubeide/plugins/com.st.stm32cube.ide.mcu.externaltools.gnu-tools-for-stm32.10.3-2021.10.win32_1.0.0.202111181127/tools/bin/../lib/gcc/arm-none-eabi/10.3.1/../../../../arm-none-eabi/lib/thumb/v7e-m+fp/hard\libc_nano.a(lib_a-nano-mallocr.o)
 .ARM.attributes
                0x0000000000000a66       0x34 c:/st/stm32cubeide_1.10.1/stm32cubeide/plugins/com.st.stm32cube.ide.mcu.externaltools.gnu-tools-for-stm32.10.3-2021.10.win32_1.0.0.202111181127/tools/bin/../lib/gcc/arm-none-eabi/10.3.1/../../../../arm-none-eabi/lib/thumb/v7e-m+fp/hard\libc_nano.a(lib_a-nano-reallocr.o)
 .ARM.attributes
                0x0000000000000a9a       0x34 c:/st/stm32cubeide_1.10.1/stm32cubeide/plugins/com.st.stm32cube.ide.mcu.externaltools.gnu-tools-for-stm32.10.3-2021.10.win32_1.0.0.202111181127/tools/bin/../lib/gcc/arm-none-eabi/10.3.1/../../../../arm-none-eabi/lib/thumb/v7e-m+fp/hard\libc_nano.a(lib_a-sbrkr.o)
 .ARM.attributes
                0x0000000000000ace       0x34 c:/st/stm32cubeide_1.10.1/stm32cubeide/plugins/com.st.stm32cube.ide.mcu.externaltools.gnu-tools-for-stm32.10.3-2021.10.win32_1.0.0.202111181127/tools/bin/../lib/gcc/arm-none-eabi/10.3.1/../../../../arm-none-eabi/lib/thumb/v7e-m+fp/hard\libc_nano.a(lib_a-mlock.o)
 .ARM.attributes
                0x0000000000000b02       0x34 c:/st/stm32cubeide_1.10.1/stm32cubeide/plugins/com.st.stm32cube.ide.mcu.externaltools.gnu-tools-for-stm32.10.3-2021.10.win32_1.0.0.202111181127/tools/bin/../lib/gcc/arm-none-eabi/10.3.1/../../../../arm-none-eabi/lib/thumb/v7e-m+fp/hard\libc_nano.a(lib_a-nano-msizer.o)
 .ARM.attributes
                0x0000000000000b36       0x34 c:/st/stm32cubeide_1.10.1/stm32cubeide/plugins/com.st.stm32cube.ide.mcu.externaltools.gnu-tools-for-stm32.10.3-2021.10.win32_1.0.0.202111181127/tools/bin/../lib/gcc/arm-none-eabi/10.3.1/../../../../arm-none-eabi/lib/thumb/v7e-m+fp/hard\libc_nano.a(lib_a-reent.o)
 .ARM.attributes
                0x0000000000000b6a       0x34 c:/st/stm32cubeide_1.10.1/stm32cubeide/plugins/com.st.stm32cube.ide.mcu.externaltools.gnu-tools-for-stm32.10.3-2021.10.win32_1.0.0.202111181127/tools/bin/../lib/gcc/arm-none-eabi/10.3.1/../../../../arm-none-eabi/lib/thumb/v7e-m+fp/hard\libc_nano.a(lib_a-lock.o)
 .ARM.attributes
                0x0000000000000b9e       0x1e c:/st/stm32cubeide_1.10.1/stm32cubeide/plugins/com.st.stm32cube.ide.mcu.externaltools.gnu-tools-for-stm32.10.3-2021.10.win32_1.0.0.202111181127/tools/bin/../lib/gcc/arm-none-eabi/10.3.1/thumb/v7e-m+fp/hard\libgcc.a(_aeabi_uldivmod.o)
 .ARM.attributes
                0x0000000000000bbc       0x34 c:/st/stm32cubeide_1.10.1/stm32cubeide/plugins/com.st.stm32cube.ide.mcu.externaltools.gnu-tools-for-stm32.10.3-2021.10.win32_1.0.0.202111181127/tools/bin/../lib/gcc/arm-none-eabi/10.3.1/thumb/v7e-m+fp/hard\libgcc.a(_udivmoddi4.o)
 .ARM.attributes
                0x0000000000000bf0       0x1e c:/st/stm32cubeide_1.10.1/stm32cubeide/plugins/com.st.stm32cube.ide.mcu.externaltools.gnu-tools-for-stm32.10.3-2021.10.win32_1.0.0.202111181127/tools/bin/../lib/gcc/arm-none-eabi/10.3.1/thumb/v7e-m+fp/hard\libgcc.a(_dvmd_tls.o)
 .ARM.attributes
                0x0000000000000c0e       0x1e c:/st/stm32cubeide_1.10.1/stm32cubeide/plugins/com.st.stm32cube.ide.mcu.externaltools.gnu-tools-for-stm32.10.3-2021.10.win32_1.0.0.202111181127/tools/bin/../lib/gcc/arm-none-eabi/10.3.1/thumb/v7e-m+fp/hard/crtn.o
OUTPUT(Bai5_UART.elf elf32-littlearm)
LOAD linker stubs
LOAD c:/st/stm32cubeide_1.10.1/stm32cubeide/plugins/com.st.stm32cube.ide.mcu.externaltools.gnu-tools-for-stm32.10.3-2021.10.win32_1.0.0.202111181127/tools/bin/../lib/gcc/arm-none-eabi/10.3.1/../../../../arm-none-eabi/lib/thumb/v7e-m+fp/hard\libc.a
LOAD c:/st/stm32cubeide_1.10.1/stm32cubeide/plugins/com.st.stm32cube.ide.mcu.externaltools.gnu-tools-for-stm32.10.3-2021.10.win32_1.0.0.202111181127/tools/bin/../lib/gcc/arm-none-eabi/10.3.1/../../../../arm-none-eabi/lib/thumb/v7e-m+fp/hard\libm.a
LOAD c:/st/stm32cubeide_1.10.1/stm32cubeide/plugins/com.st.stm32cube.ide.mcu.externaltools.gnu-tools-for-stm32.10.3-2021.10.win32_1.0.0.202111181127/tools/bin/../lib/gcc/arm-none-eabi/10.3.1/thumb/v7e-m+fp/hard\libgcc.a

.debug_info     0x0000000000000000    0x199e9
 .debug_info    0x0000000000000000      0x7c8 ./Core/Src/button.o
 .debug_info    0x00000000000007c8      0x89b ./Core/Src/ds3231.o
 .debug_info    0x0000000000001063      0x2fd ./Core/Src/fsm_alarm.o
 .debug_info    0x0000000000001360      0x3c9 ./Core/Src/fsm_clock.o
 .debug_info    0x0000000000001729      0xa36 ./Core/Src/fsmc.o
 .debug_info    0x000000000000215f      0x8d6 ./Core/Src/global.o
 .debug_info    0x0000000000002a35      0x4c8 ./Core/Src/gpio.o
 .debug_info    0x0000000000002efd      0xa0e ./Core/Src/i2c.o
 .debug_info    0x000000000000390b      0xedf ./Core/Src/lcd.o
 .debug_info    0x00000000000047ea      0x870 ./Core/Src/led_7seg.o
 .debug_info    0x000000000000505a      0x858 ./Core/Src/main.o
 .debug_info    0x00000000000058b2      0x78e ./Core/Src/software_timer.o
 .debug_info    0x0000000000006040      0x9eb ./Core/Src/spi.o
 .debug_info    0x0000000000006a2b      0x2a8 ./Core/Src/stm32f4xx_hal_msp.o
 .debug_info    0x0000000000006cd3      0x9d5 ./Core/Src/stm32f4xx_it.o
 .debug_info    0x00000000000076a8      0x171 ./Core/Src/sysmem.o
 .debug_info    0x0000000000007819      0x523 ./Core/Src/system_stm32f4xx.o
 .debug_info    0x0000000000007d3c      0xc5a ./Core/Src/tim.o
 .debug_info    0x0000000000008996      0x814 ./Core/Src/uart.o
 .debug_info    0x00000000000091aa      0x2b7 ./Core/Src/uart_comm.o
 .debug_info    0x0000000000009461      0xc09 ./Core/Src/usart.o
 .debug_info    0x000000000000a06a       0xd8 ./Core/Src/utils.o
 .debug_info    0x000000000000a142       0x22 ./Core/Startup/startup_stm32f407zetx.o
 .debug_info    0x000000000000a164      0x97c ./Drivers/STM32F4xx_HAL_Driver/Src/stm32f4xx_hal.o
 .debug_info    0x000000000000aae0      0xe1b ./Drivers/STM32F4xx_HAL_Driver/Src/stm32f4xx_hal_cortex.o
 .debug_info    0x000000000000b8fb      0x94f ./Drivers/STM32F4xx_HAL_Driver/Src/stm32f4xx_hal_dma.o
 .debug_info    0x000000000000c24a      0x76a ./Drivers/STM32F4xx_HAL_Driver/Src/stm32f4xx_hal_gpio.o
 .debug_info    0x000000000000c9b4     0x2609 ./Drivers/STM32F4xx_HAL_Driver/Src/stm32f4xx_hal_i2c.o
 .debug_info    0x000000000000efbd      0x966 ./Drivers/STM32F4xx_HAL_Driver/Src/stm32f4xx_hal_rcc.o
 .debug_info    0x000000000000f923     0x1758 ./Drivers/STM32F4xx_HAL_Driver/Src/stm32f4xx_hal_spi.o
 .debug_info    0x000000000001107b      0xbbb ./Drivers/STM32F4xx_HAL_Driver/Src/stm32f4xx_hal_sram.o
 .debug_info    0x0000000000011c36     0x2bbf ./Drivers/STM32F4xx_HAL_Driver/Src/stm32f4xx_hal_tim.o
 .debug_info    0x00000000000147f5     0x15e0 ./Drivers/STM32F4xx_HAL_Driver/Src/stm32f4xx_hal_tim_ex.o
 .debug_info    0x0000000000015dd5     0x319b ./Drivers/STM32F4xx_HAL_Driver/Src/stm32f4xx_hal_uart.o
 .debug_info    0x0000000000018f70      0xa79 ./Drivers/STM32F4xx_HAL_Driver/Src/stm32f4xx_ll_fsmc.o

.debug_abbrev   0x0000000000000000     0x3eb6
 .debug_abbrev  0x0000000000000000      0x1d1 ./Core/Src/button.o
 .debug_abbrev  0x00000000000001d1      0x1d5 ./Core/Src/ds3231.o
 .debug_abbrev  0x00000000000003a6       0xb8 ./Core/Src/fsm_alarm.o
 .debug_abbrev  0x000000000000045e       0xb6 ./Core/Src/fsm_clock.o
 .debug_abbrev  0x0000000000000514      0x207 ./Core/Src/fsmc.o
 .debug_abbrev  0x000000000000071b      0x13b ./Core/Src/global.o
 .debug_abbrev  0x0000000000000856      0x146 ./Core/Src/gpio.o
 .debug_abbrev  0x000000000000099c      0x1e0 ./Core/Src/i2c.o
 .debug_abbrev  0x0000000000000b7c      0x31c ./Core/Src/lcd.o
 .debug_abbrev  0x0000000000000e98      0x1bb ./Core/Src/led_7seg.o
 .debug_abbrev  0x0000000000001053      0x262 ./Core/Src/main.o
 .debug_abbrev  0x00000000000012b5      0x1f6 ./Core/Src/software_timer.o
 .debug_abbrev  0x00000000000014ab      0x1e0 ./Core/Src/spi.o
 .debug_abbrev  0x000000000000168b       0xd4 ./Core/Src/stm32f4xx_hal_msp.o
 .debug_abbrev  0x000000000000175f      0x184 ./Core/Src/stm32f4xx_it.o
 .debug_abbrev  0x00000000000018e3       0xbb ./Core/Src/sysmem.o
 .debug_abbrev  0x000000000000199e      0x116 ./Core/Src/system_stm32f4xx.o
 .debug_abbrev  0x0000000000001ab4      0x1e0 ./Core/Src/tim.o
 .debug_abbrev  0x0000000000001c94      0x21a ./Core/Src/uart.o
 .debug_abbrev  0x0000000000001eae      0x141 ./Core/Src/uart_comm.o
 .debug_abbrev  0x0000000000001fef      0x1fe ./Core/Src/usart.o