../Core/Src/global.c:83:6:init_value	4	static
../Core/Src/global.c:140:6:init_counter	4	static
../Core/Src/global.c:151:6:init_counter_alarm	4	static
../Core/Src/global.c:157:6:blinky	32	static
../Core/Src/global.c:242:6:blinkyAlarm	32	static
../Core/Src/global.c:270:6:displayTime	24	static
../Core/Src/global.c:281:6:updateTime	8	static
../Core/Src/global.c:292:6:displayAlarm	24	static
../Core/Src/global.c:298:6:updateAlarm	8	static
../Core/Src/global.c:304:6:alert	8	static
../Core/Src/global.c:318:6:save_ClockSettings	8	static
../Core/Src/global.c:329:6:save_AlarmSettings	8	static
../Core/Src/global.c:335:6:error_Input	32	static
../Core/Src/global.c:351:6:uart_Flag	16	static
